Microchip Technology Inc, v2.10 (B)

Tool Name:
  c:\program files\microchip\xc16\v2.10\bin\bin\..\bin/elf-ld.exe

Command:
  -p24FJ64GB004 \
  --mdfp=C:/Program Files/Microchip/MPLABX/v6.15/packs/Microchip/PIC24F-GA-GB_DFP/1.9.336/xc16 \
  -o \
  dist/app_only/production/mipiboard_HID-C.X.production.elf \
  -Lc:/program files/microchip/xc16/v2.10/bin/bin/.. \
  -LC:/Program Files/Microchip/MPLABX/v6.15/packs/Microchip/PIC24F-GA-GB_DFP/1.9.336/xc16/bin/../support/PIC24F/gld \
  -Lc:/program files/microchip/xc16/v2.10/bin/bin/../../lib \
  -Lc:/program files/microchip/xc16/v2.10/bin/bin/../../support/PIC24E/gld \
  -Lc:/program files/microchip/xc16/v2.10/bin/bin/../../support/PIC24F/gld \
  -Lc:/program files/microchip/xc16/v2.10/bin/bin/../../support/PIC24H/gld \
  -Lc:/program files/microchip/xc16/v2.10/bin/bin/../../support/dsPIC30F/gld \
  -Lc:/program files/microchip/xc16/v2.10/bin/bin/../../support/dsPIC33C/gld \
  -Lc:/program files/microchip/xc16/v2.10/bin/bin/../../support/dsPIC33E/gld \
  -Lc:/program files/microchip/xc16/v2.10/bin/bin/../../support/dsPIC33F/gld \
  build/app_only/production/mcc_generated_files/usb/usb_descriptors.o \
  build/app_only/production/mcc_generated_files/usb/usb_device.o \
  build/app_only/production/mcc_generated_files/usb/usb_device_hid.o \
  build/app_only/production/mcc_generated_files/usb/usb_events.o \
  build/app_only/production/mcc_generated_files/usb/usb_hal_16bit.o \
  build/app_only/production/mcc_generated_files/spi1.o \
  build/app_only/production/mcc_generated_files/clock.o \
  build/app_only/production/mcc_generated_files/adc1.o \
  build/app_only/production/mcc_generated_files/ext_int.o \
  build/app_only/production/mcc_generated_files/interrupt_manager.o \
  build/app_only/production/mcc_generated_files/mcc.o \
  build/app_only/production/mcc_generated_files/pin_manager.o \
  build/app_only/production/mcc_generated_files/traps.o \
  build/app_only/production/mcc_generated_files/tmr5.o \
  build/app_only/production/mcc_generated_files/thd_i2c1.o \
  build/app_only/production/mcc_generated_files/thd_i2c2.o \
  build/app_only/production/mcc_generated_files/ADXL350_TMP102.o \
  build/app_only/production/mcc_generated_files/ltc1661.o \
  build/app_only/production/mcc_generated_files/power_reset.o \
  build/app_only/production/mcc_generated_files/system.o \
  build/app_only/production/mcc_generated_files/TC358870.o \
  build/app_only/production/mcc_generated_files/santek_qhd_lcd.o \
  build/app_only/production/mcc_generated_files/ortustech_hd_lcd.o \
  build/app_only/production/mcc_generated_files/oc1.o \
  build/app_only/production/mcc_generated_files/oc2.o \
  build/app_only/production/mcc_generated_files/oc3.o \
  build/app_only/production/app_device_custom_hid.o \
  build/app_only/production/main.o \
  --defsym=__MPLAB_BUILD=1 \
  -Thid_boot_p24FJ64GB004.gld.00 \
  --stack=16 \
  --check-sections \
  --data-init \
  --pack-data \
  --handles \
  --isr \
  --no-gc-sections \
  --fill-upper=0 \
  --stackguard=16 \
  --no-force-link \
  --smart-io \
  -Map=dist/app_only/production/mipiboard_HID-C.X.production.map \
  --report-mem \
  --memorysummary \
  dist/app_only/production/memoryfile.xml \
  -start-group \
  --library=c99-pic30-elf \
  --library=m-elf \
  --library=c99-elf \
  -end-group \


Optional library libpPIC24Fxxx.a not found
Archive member included because of file (symbol)

c:/program files/microchip/xc16/v2.10/bin/bin/../../lib\libc99-pic30-elf.a(crt0_standard.o)
                              (__resetPRI)
c:/program files/microchip/xc16/v2.10/bin/bin/../../lib\libc99-pic30-elf.a(data_init_standard.o)
                              c:/program files/microchip/xc16/v2.10/bin/bin/../../lib\libc99-pic30-elf.a(crt0_standard.o) (__data_init_standard)
c:/program files/microchip/xc16/v2.10/bin/bin/../../lib\libc99-pic30-elf.a(crt_start_mode_normal.Meo)
                              (__crt_start_mode_normal)
c:/program files/microchip/xc16/v2.10/bin/bin/../../lib\libc99-pic30-elf.a(delay32.Meo)
                              build/app_only/production/mcc_generated_files/thd_i2c1.o (___delay32)
c:/program files/microchip/xc16/v2.10/bin/bin/../../lib\libc99-pic30-elf.a(divsi3.XX_o)
                              build/app_only/production/main.o (___divsi3)
c:/program files/microchip/xc16/v2.10/bin/bin/../../lib\libc99-pic30-elf.a(fixsfsi.XX_o)
                              build/app_only/production/mcc_generated_files/santek_qhd_lcd.o (_(float, int, long long, short, float, short, int))
c:/program files/microchip/xc16/v2.10/bin/bin/../../lib\libc99-pic30-elf.a(floatsisf.XX_o)
                              build/app_only/production/mcc_generated_files/santek_qhd_lcd.o (___floatsisf)
c:/program files/microchip/xc16/v2.10/bin/bin/../../lib\libc99-pic30-elf.a(funpack.XX_o)
                              c:/program files/microchip/xc16/v2.10/bin/bin/../../lib\libc99-pic30-elf.a(fixsfsi.XX_o) (__funpack)
[...]
Memory Configuration

Name             Origin             Length             Attributes
data             0x000800           0x002000           a !xr
reset            0x000000           0x000004  
ivt              0x000004           0x0000fc  
_reserved        0x000100           0x000004  
aivt             0x000104           0x0000fc  
app_ivt          0x001e00           0x0000c0  
program          0x001ec0           0x008d36           xr
CONFIG4          0x00abf8           0x000002  
CONFIG3          0x00abfa           0x000002  
CONFIG2          0x00abfc           0x000002  
CONFIG1          0x00abfe           0x000002  
*default*        0x000000           0xffffffff  

Linker script and memory map

LOAD build/app_only/production/mcc_generated_files/usb/usb_descriptors.o
LOAD build/app_only/production/mcc_generated_files/usb/usb_device.o
LOAD build/app_only/production/mcc_generated_files/usb/usb_device_hid.o
LOAD build/app_only/production/mcc_generated_files/usb/usb_events.o
LOAD build/app_only/production/mcc_generated_files/usb/usb_hal_16bit.o
LOAD build/app_only/production/mcc_generated_files/spi1.o
LOAD build/app_only/production/mcc_generated_files/clock.o
LOAD build/app_only/production/mcc_generated_files/adc1.o
LOAD build/app_only/production/mcc_generated_files/ext_int.o
LOAD build/app_only/production/mcc_generated_files/interrupt_manager.o
LOAD build/app_only/production/mcc_generated_files/mcc.o
LOAD build/app_only/production/mcc_generated_files/pin_manager.o
LOAD build/app_only/production/mcc_generated_files/traps.o
LOAD build/app_only/production/mcc_generated_files/tmr5.o
LOAD build/app_only/production/mcc_generated_files/thd_i2c1.o
LOAD build/app_only/production/mcc_generated_files/thd_i2c2.o
LOAD build/app_only/production/mcc_generated_files/ADXL350_TMP102.o
LOAD build/app_only/production/mcc_generated_files/ltc1661.o
LOAD build/app_only/production/mcc_generated_files/power_reset.o
LOAD build/app_only/production/mcc_generated_files/system.o
LOAD build/app_only/production/mcc_generated_files/TC358870.o
LOAD build/app_only/production/mcc_generated_files/santek_qhd_lcd.o
LOAD build/app_only/production/mcc_generated_files/ortustech_hd_lcd.o
LOAD build/app_only/production/mcc_generated_files/oc1.o
LOAD build/app_only/production/mcc_generated_files/oc2.o
LOAD build/app_only/production/mcc_generated_files/oc3.o
LOAD build/app_only/production/app_device_custom_hid.o
LOAD build/app_only/production/main.o
                    0x0001                  __MPLAB_BUILD = 0x1
LOAD pPIC24Fxxx
LOAD c:/program files/microchip/xc16/v2.10/bin/bin/../../lib\libfx-elf.a
                    0x1e00                  __APP_IVT_BASE = 0x1e00
                    0xabf8                  __CONFIG4 = 0xabf8
                    0xabfa                  __CONFIG3 = 0xabfa
                    0xabfc                  __CONFIG2 = 0xabfc
                    0xabfe                  __CONFIG1 = 0xabfe
                    0x0001                  __NO_HANDLES = 0x1
                    0x0004                  __IVT_BASE = 0x4
                    0x0104                  __AIVT_BASE = 0x104
                    0x0800                  __DATA_BASE = 0x800
                    0x2000                  __DATA_LENGTH = 0x2000
                    0x0400                  __CODE_BASE = 0x400
                    0xa9f8                  __CODE_LENGTH = 0xa9f8

.reset            0x000000          0x4
                  0x000000          0x2 SHORT 0x1ec0 ABSOLUTE (__reset)
                  0x000001          0x2 SHORT 0x4
                  0x000002          0x2 SHORT 0x0 ((ABSOLUTE (__reset) >> 0x10) & 0x7f)
                  0x000003          0x2 SHORT 0x0

.text             0x001ec0        0x62e
 *(.init)
 .init            0x001ec0         0x4c c:/program files/microchip/xc16/v2.10/bin/bin/../../lib\libc99-pic30-elf.a(crt0_standard.o)
                  0x001ec0                  __resetPRI
                  0x001ec0                  __reset
                  0x001efc                  __psv_init
 .init            0x001f0c         0x7c c:/program files/microchip/xc16/v2.10/bin/bin/../../lib\libc99-pic30-elf.a(data_init_standard.o)
                  0x001f12                  __data_init_standard
                  0x001f12                  __data_init
 *(.user_init)
 *(.handle)
 *(.isr*)
 .isr.text        0x001f8c         0x3c build/app_only/production/mcc_generated_files/ext_int.o
                  0x001f8c                  __INT0Interrupt
                  0x001faa                  __INT1Interrupt
 .isr.text        0x001fc8         0x22 build/app_only/production/mcc_generated_files/traps.o
                  0x001fc8                  __OscillatorFail
                  0x001fd0                  __StackError
                  0x001fda                  __AddressError
                  0x001fe2                  __MathError
 .isr.text        0x001fea         0x36 build/app_only/production/mcc_generated_files/tmr5.o
                  0x001fea                  __T5Interrupt
 .isr.text        0x002020         0x22 build/app_only/production/mcc_generated_files/thd_i2c1.o
                  0x002020                  __MI2C1Interrupt
 .isr.text        0x002042         0x22 build/app_only/production/mcc_generated_files/thd_i2c2.o
                  0x002042                  __MI2C2Interrupt
 .isr.text        0x002064         0x24 build/app_only/production/mcc_generated_files/system.o
                  0x002064                  __USB1Interrupt
 .isr             0x002088          0x4 default_isr
                  0x002088                  __DefaultInterrupt
 *(.libc)
 *(.libm)
 *(.libdsp)
 *(.lib*)
 .libpic30_crt_start_mode
                  0x00208c          0x2 c:/program files/microchip/xc16/v2.10/bin/bin/../../lib\libc99-pic30-elf.a(crt_start_mode_normal.Meo)
                  0x00208c                  __crt_start_mode
                  0x00208c                  __crt_start_mode_normal
 .libm.divsi3     0x00208e         0x1e c:/program files/microchip/xc16/v2.10/bin/bin/../../lib\libc99-pic30-elf.a(divsi3.XX_o)
                  0x00208e                  ___divsi3
 .libm.fixsfsi    0x0020ac         0x42 c:/program files/microchip/xc16/v2.10/bin/bin/../../lib\libc99-pic30-elf.a(fixsfsi.XX_o)
                  0x0020ac                  _(float, int, long long, short, float, short, int)
 .libm.floatsisf
                  0x0020ee          0x6 c:/program files/microchip/xc16/v2.10/bin/bin/../../lib\libc99-pic30-elf.a(floatsisf.XX_o)
                  0x0020ee                  ___floatsisf
 .libm.funpack    0x0020f4         0x2a c:/program files/microchip/xc16/v2.10/bin/bin/../../lib\libc99-pic30-elf.a(funpack.XX_o)
                  0x0020f4                  __funpack
 .libm.udivsi3    0x00211e         0x20 c:/program files/microchip/xc16/v2.10/bin/bin/../../lib\libc99-pic30-elf.a(udivsi3.XX_o)
                  0x00211e                  ___udivsi3
 .libmx           0x00213e        0x10c c:/program files/microchip/xc16/v2.10/bin/bin/../../lib\libc99-pic30-elf.a(mulsf3x.XX_o)
                  0x00213e                  ___mulsf3x
                  0x00213e                  ___mulsf3
 .libmx           0x00224a         0x54 c:/program files/microchip/xc16/v2.10/bin/bin/../../lib\libc99-pic30-elf.a(dnrmpackfx.XX_o)
                  0x00224a                  __dnrmpackf
 .libmx           0x00229e         0x5e c:/program files/microchip/xc16/v2.10/bin/bin/../../lib\libc99-pic30-elf.a(unpackdnrmfx.XX_o)
                  0x00229e                  __unpackdnrmf
 .libmx           0x0022fc         0x34 c:/program files/microchip/xc16/v2.10/bin/bin/../../lib\libc99-pic30-elf.a(typefx.XX_o)
                  0x0022fc                  __typef
 .libmx           0x002330         0x12 c:/program files/microchip/xc16/v2.10/bin/bin/../../lib\libc99-pic30-elf.a(propnanfx.XX_o)
                  0x002330                  __propnanf
 .libm.floatdisf
                  0x002342         0x20 c:/program files/microchip/xc16/v2.10/bin/bin/../../lib\libc99-pic30-elf.a(floatdisf.XX_o)
                  0x002342                  ___floatdisf
 .libm.floatundisf
                  0x002362         0x5e c:/program files/microchip/xc16/v2.10/bin/bin/../../lib\libc99-pic30-elf.a(floatundisf.XX_o)
                  0x002362                  ___floatundisf
 .libm.fpack      0x0023c0         0x4c c:/program files/microchip/xc16/v2.10/bin/bin/../../lib\libc99-pic30-elf.a(fpack.XX_o)
                  0x0023c0                  __fpack
 .libc.memcpy     0x00240c          0xe c:/program files/microchip/xc16/v2.10/bin/bin/../../lib\libc99-elf.a(memcpy.XX_o)
                  0x00240c                  _memcpy
 .libc.memset     0x00241a         0xc8 c:/program files/microchip/xc16/v2.10/bin/bin/../../lib\libc99-elf.a(memset.XX_o)
                  0x00241a                  _memset
 .libm.mulsi3     0x0024e2          0xc c:/program files/microchip/xc16/v2.10/bin/bin/../../lib\libc99-pic30-elf.a(mulsi3.XX_o)
                  0x0024e2                  ___mulp32peds3
                  0x0024e2                  ___mulsi3
                  0x0024e2                  ___mulp32eds3

usercode
 *(usercode)

__CONFIG4
 *(__CONFIG4.sec*)

__CONFIG3
 *(__CONFIG3.sec*)

__CONFIG2
 *(__CONFIG2.sec*)

__CONFIG1
 *(__CONFIG1.sec*)

.comment
 *(.comment)

.debug_info       0x000000      0x1112c
 *(.debug_info)
 .debug_info      0x000000        0x85d build/app_only/production/mcc_generated_files/usb/usb_descriptors.o
 .debug_info      0x00085d       0x273f build/app_only/production/mcc_generated_files/usb/usb_device.o
 .debug_info      0x002f9c        0xbf2 build/app_only/production/mcc_generated_files/usb/usb_device_hid.o
 .debug_info      0x003b8e        0x5ca build/app_only/production/mcc_generated_files/usb/usb_events.o
 .debug_info      0x004158       0x10ec build/app_only/production/mcc_generated_files/usb/usb_hal_16bit.o
 .debug_info      0x005244        0xa92 build/app_only/production/mcc_generated_files/spi1.o
 .debug_info      0x005cd6        0x25e build/app_only/production/mcc_generated_files/clock.o
 .debug_info      0x005f34        0x856 build/app_only/production/mcc_generated_files/adc1.o
 .debug_info      0x00678a        0x7d4 build/app_only/production/mcc_generated_files/ext_int.o
 .debug_info      0x006f5e        0xb3e build/app_only/production/mcc_generated_files/interrupt_manager.o
 .debug_info      0x007a9c        0x17c build/app_only/production/mcc_generated_files/mcc.o
 .debug_info      0x007c18        0xaeb build/app_only/production/mcc_generated_files/pin_manager.o
 .debug_info      0x008703        0x396 build/app_only/production/mcc_generated_files/traps.o
 .debug_info      0x008a99        0x8a7 build/app_only/production/mcc_generated_files/tmr5.o
 .debug_info      0x009340        0xc4c build/app_only/production/mcc_generated_files/thd_i2c1.o
 .debug_info      0x009f8c        0xd8d build/app_only/production/mcc_generated_files/thd_i2c2.o
 .debug_info      0x00ad19        0x2eb build/app_only/production/mcc_generated_files/ADXL350_TMP102.o
 .debug_info      0x00b004        0x314 build/app_only/production/mcc_generated_files/ltc1661.o
 .debug_info      0x00b318        0x58a build/app_only/production/mcc_generated_files/power_reset.o
 .debug_info      0x00b8a2        0x329 build/app_only/production/mcc_generated_files/system.o
 .debug_info      0x00bbcb        0xaaf build/app_only/production/mcc_generated_files/TC358870.o
 .debug_info      0x00c67a        0x3af build/app_only/production/mcc_generated_files/santek_qhd_lcd.o
 .debug_info      0x00ca29        0x3c7 build/app_only/production/mcc_generated_files/ortustech_hd_lcd.o
 .debug_info      0x00cdf0        0xab7 build/app_only/production/mcc_generated_files/oc1.o
 .debug_info      0x00d8a7        0xab7 build/app_only/production/mcc_generated_files/oc2.o
 .debug_info      0x00e35e        0xaae build/app_only/production/mcc_generated_files/oc3.o
 .debug_info      0x00ee0c       0x1087 build/app_only/production/app_device_custom_hid.o
 .debug_info      0x00fe93        0xa86 build/app_only/production/main.o
 .debug_info      0x010919         0x8c c:/program files/microchip/xc16/v2.10/bin/bin/../../lib\libc99-pic30-elf.a(divsi3.XX_o)
 .debug_info      0x0109a5         0x8d c:/program files/microchip/xc16/v2.10/bin/bin/../../lib\libc99-pic30-elf.a(fixsfsi.XX_o)
 .debug_info      0x010a32         0x8f c:/program files/microchip/xc16/v2.10/bin/bin/../../lib\libc99-pic30-elf.a(floatsisf.XX_o)
 .debug_info      0x010ac1         0x8d c:/program files/microchip/xc16/v2.10/bin/bin/../../lib\libc99-pic30-elf.a(funpack.XX_o)
 .debug_info      0x010b4e         0x8d c:/program files/microchip/xc16/v2.10/bin/bin/../../lib\libc99-pic30-elf.a(udivsi3.XX_o)
 .debug_info      0x010bdb         0x9d c:/program files/microchip/xc16/v2.10/bin/bin/../../lib\libc99-pic30-elf.a(mulsf3x.XX_o)
 .debug_info      0x010c78         0xa0 c:/program files/microchip/xc16/v2.10/bin/bin/../../lib\libc99-pic30-elf.a(dnrmpackfx.XX_o)
 .debug_info      0x010d18         0xa2 c:/program files/microchip/xc16/v2.10/bin/bin/../../lib\libc99-pic30-elf.a(unpackdnrmfx.XX_o)
 .debug_info      0x010dba         0x9c c:/program files/microchip/xc16/v2.10/bin/bin/../../lib\libc99-pic30-elf.a(typefx.XX_o)
 .debug_info      0x010e56         0x9f c:/program files/microchip/xc16/v2.10/bin/bin/../../lib\libc99-pic30-elf.a(propnanfx.XX_o)
 .debug_info      0x010ef5         0x8f c:/program files/microchip/xc16/v2.10/bin/bin/../../lib\libc99-pic30-elf.a(floatdisf.XX_o)
 .debug_info      0x010f84         0x91 c:/program files/microchip/xc16/v2.10/bin/bin/../../lib\libc99-pic30-elf.a(floatundisf.XX_o)
 .debug_info      0x011015         0x8b c:/program files/microchip/xc16/v2.10/bin/bin/../../lib\libc99-pic30-elf.a(fpack.XX_o)
 .debug_info      0x0110a0         0x8c c:/program files/microchip/xc16/v2.10/bin/bin/../../lib\libc99-pic30-elf.a(mulsi3.XX_o)
 *(.gnu.linkonce.wi.*)

.debug_abbrev     0x000000       0x2154
 *(.debug_abbrev)
 .debug_abbrev    0x000000         0xf3 build/app_only/production/mcc_generated_files/usb/usb_descriptors.o
 .debug_abbrev    0x0000f3        0x2b6 build/app_only/production/mcc_generated_files/usb/usb_device.o
 .debug_abbrev    0x0003a9        0x15e build/app_only/production/mcc_generated_files/usb/usb_device_hid.o
 .debug_abbrev    0x000507         0x7c build/app_only/production/mcc_generated_files/usb/usb_events.o
 .debug_abbrev    0x000583        0x1c6 build/app_only/production/mcc_generated_files/usb/usb_hal_16bit.o
 .debug_abbrev    0x000749        0x158 build/app_only/production/mcc_generated_files/spi1.o
 .debug_abbrev    0x0008a1         0x59 build/app_only/production/mcc_generated_files/clock.o
 .debug_abbrev    0x0008fa        0x198 build/app_only/production/mcc_generated_files/adc1.o
 .debug_abbrev    0x000a92         0xd0 build/app_only/production/mcc_generated_files/ext_int.o
 .debug_abbrev    0x000b62         0xb4 build/app_only/production/mcc_generated_files/interrupt_manager.o
 .debug_abbrev    0x000c16         0x34 build/app_only/production/mcc_generated_files/mcc.o
 .debug_abbrev    0x000c4a         0xd6 build/app_only/production/mcc_generated_files/pin_manager.o
 .debug_abbrev    0x000d20        0x100 build/app_only/production/mcc_generated_files/traps.o
 .debug_abbrev    0x000e20        0x18d build/app_only/production/mcc_generated_files/tmr5.o
 .debug_abbrev    0x000fad        0x1b1 build/app_only/production/mcc_generated_files/thd_i2c1.o
 .debug_abbrev    0x00115e        0x1cb build/app_only/production/mcc_generated_files/thd_i2c2.o
 .debug_abbrev    0x001329         0xc3 build/app_only/production/mcc_generated_files/ADXL350_TMP102.o
 .debug_abbrev    0x0013ec         0xac build/app_only/production/mcc_generated_files/ltc1661.o
 .debug_abbrev    0x001498         0x8a build/app_only/production/mcc_generated_files/power_reset.o
 .debug_abbrev    0x001522         0xd5 build/app_only/production/mcc_generated_files/system.o
 .debug_abbrev    0x0015f7        0x187 build/app_only/production/mcc_generated_files/TC358870.o
 .debug_abbrev    0x00177e         0xc8 build/app_only/production/mcc_generated_files/santek_qhd_lcd.o
 .debug_abbrev    0x001846         0xad build/app_only/production/mcc_generated_files/ortustech_hd_lcd.o
 .debug_abbrev    0x0018f3        0x173 build/app_only/production/mcc_generated_files/oc1.o
 .debug_abbrev    0x001a66        0x173 build/app_only/production/mcc_generated_files/oc2.o
 .debug_abbrev    0x001bd9        0x14f build/app_only/production/mcc_generated_files/oc3.o
 .debug_abbrev    0x001d28        0x1ad build/app_only/production/app_device_custom_hid.o
 .debug_abbrev    0x001ed5        0x167 build/app_only/production/main.o
 .debug_abbrev    0x00203c         0x14 c:/program files/microchip/xc16/v2.10/bin/bin/../../lib\libc99-pic30-elf.a(divsi3.XX_o)
 .debug_abbrev    0x002050         0x14 c:/program files/microchip/xc16/v2.10/bin/bin/../../lib\libc99-pic30-elf.a(fixsfsi.XX_o)
 .debug_abbrev    0x002064         0x14 c:/program files/microchip/xc16/v2.10/bin/bin/../../lib\libc99-pic30-elf.a(floatsisf.XX_o)
 .debug_abbrev    0x002078         0x14 c:/program files/microchip/xc16/v2.10/bin/bin/../../lib\libc99-pic30-elf.a(funpack.XX_o)
 .debug_abbrev    0x00208c         0x14 c:/program files/microchip/xc16/v2.10/bin/bin/../../lib\libc99-pic30-elf.a(udivsi3.XX_o)
 .debug_abbrev    0x0020a0         0x14 c:/program files/microchip/xc16/v2.10/bin/bin/../../lib\libc99-pic30-elf.a(mulsf3x.XX_o)
 .debug_abbrev    0x0020b4         0x14 c:/program files/microchip/xc16/v2.10/bin/bin/../../lib\libc99-pic30-elf.a(dnrmpackfx.XX_o)
 .debug_abbrev    0x0020c8         0x14 c:/program files/microchip/xc16/v2.10/bin/bin/../../lib\libc99-pic30-elf.a(unpackdnrmfx.XX_o)
 .debug_abbrev    0x0020dc         0x14 c:/program files/microchip/xc16/v2.10/bin/bin/../../lib\libc99-pic30-elf.a(typefx.XX_o)
 .debug_abbrev    0x0020f0         0x14 c:/program files/microchip/xc16/v2.10/bin/bin/../../lib\libc99-pic30-elf.a(propnanfx.XX_o)
 .debug_abbrev    0x002104         0x14 c:/program files/microchip/xc16/v2.10/bin/bin/../../lib\libc99-pic30-elf.a(floatdisf.XX_o)
 .debug_abbrev    0x002118         0x14 c:/program files/microchip/xc16/v2.10/bin/bin/../../lib\libc99-pic30-elf.a(floatundisf.XX_o)
 .debug_abbrev    0x00212c         0x14 c:/program files/microchip/xc16/v2.10/bin/bin/../../lib\libc99-pic30-elf.a(fpack.XX_o)
 .debug_abbrev    0x002140         0x14 c:/program files/microchip/xc16/v2.10/bin/bin/../../lib\libc99-pic30-elf.a(mulsi3.XX_o)

.debug_line       0x000000       0x385d
 *(.debug_line)
 .debug_line      0x000000         0xc7 build/app_only/production/mcc_generated_files/usb/usb_descriptors.o
 .debug_line      0x0000c7        0x440 build/app_only/production/mcc_generated_files/usb/usb_device.o
 .debug_line      0x000507        0x12a build/app_only/production/mcc_generated_files/usb/usb_device_hid.o
 .debug_line      0x000631        0x110 build/app_only/production/mcc_generated_files/usb/usb_events.o
 .debug_line      0x000741        0x1b7 build/app_only/production/mcc_generated_files/usb/usb_hal_16bit.o
 .debug_line      0x0008f8        0x175 build/app_only/production/mcc_generated_files/spi1.o
 .debug_line      0x000a6d        0x121 build/app_only/production/mcc_generated_files/clock.o
 .debug_line      0x000b8e        0x164 build/app_only/production/mcc_generated_files/adc1.o
 .debug_line      0x000cf2        0x145 build/app_only/production/mcc_generated_files/ext_int.o
 .debug_line      0x000e37        0x12c build/app_only/production/mcc_generated_files/interrupt_manager.o
 .debug_line      0x000f63         0x49 build/app_only/production/mcc_generated_files/mcc.o
 .debug_line      0x000fac        0x139 build/app_only/production/mcc_generated_files/pin_manager.o
 .debug_line      0x0010e5        0x147 build/app_only/production/mcc_generated_files/traps.o
 .debug_line      0x00122c        0x167 build/app_only/production/mcc_generated_files/tmr5.o
 .debug_line      0x001393        0x21d build/app_only/production/mcc_generated_files/thd_i2c1.o
 .debug_line      0x0015b0        0x212 build/app_only/production/mcc_generated_files/thd_i2c2.o
 .debug_line      0x0017c2         0xcc build/app_only/production/mcc_generated_files/ADXL350_TMP102.o
 .debug_line      0x00188e        0x14f build/app_only/production/mcc_generated_files/ltc1661.o
 .debug_line      0x0019dd        0x158 build/app_only/production/mcc_generated_files/power_reset.o
 .debug_line      0x001b35        0x144 build/app_only/production/mcc_generated_files/system.o
 .debug_line      0x001c79        0x22d build/app_only/production/mcc_generated_files/TC358870.o
 .debug_line      0x001ea6        0x38c build/app_only/production/mcc_generated_files/santek_qhd_lcd.o
 .debug_line      0x002232        0x7da build/app_only/production/mcc_generated_files/ortustech_hd_lcd.o
 .debug_line      0x002a0c        0x177 build/app_only/production/mcc_generated_files/oc1.o
 .debug_line      0x002b83        0x177 build/app_only/production/mcc_generated_files/oc2.o
 .debug_line      0x002cfa        0x177 build/app_only/production/mcc_generated_files/oc3.o
 .debug_line      0x002e71        0x2cf build/app_only/production/app_device_custom_hid.o
 .debug_line      0x003140        0x20d build/app_only/production/main.o
 .debug_line      0x00334d         0x43 c:/program files/microchip/xc16/v2.10/bin/bin/../../lib\libc99-pic30-elf.a(divsi3.XX_o)
 .debug_line      0x003390         0x56 c:/program files/microchip/xc16/v2.10/bin/bin/../../lib\libc99-pic30-elf.a(fixsfsi.XX_o)
 .debug_line      0x0033e6         0x3a c:/program files/microchip/xc16/v2.10/bin/bin/../../lib\libc99-pic30-elf.a(floatsisf.XX_o)
 .debug_line      0x003420         0x4a c:/program files/microchip/xc16/v2.10/bin/bin/../../lib\libc99-pic30-elf.a(funpack.XX_o)
 .debug_line      0x00346a         0x45 c:/program files/microchip/xc16/v2.10/bin/bin/../../lib\libc99-pic30-elf.a(udivsi3.XX_o)
 .debug_line      0x0034af         0xcc c:/program files/microchip/xc16/v2.10/bin/bin/../../lib\libc99-pic30-elf.a(mulsf3x.XX_o)
 .debug_line      0x00357b         0x72 c:/program files/microchip/xc16/v2.10/bin/bin/../../lib\libc99-pic30-elf.a(dnrmpackfx.XX_o)
 .debug_line      0x0035ed         0x7a c:/program files/microchip/xc16/v2.10/bin/bin/../../lib\libc99-pic30-elf.a(unpackdnrmfx.XX_o)
 .debug_line      0x003667         0x5e c:/program files/microchip/xc16/v2.10/bin/bin/../../lib\libc99-pic30-elf.a(typefx.XX_o)
 .debug_line      0x0036c5         0x51 c:/program files/microchip/xc16/v2.10/bin/bin/../../lib\libc99-pic30-elf.a(propnanfx.XX_o)
 .debug_line      0x003716         0x47 c:/program files/microchip/xc16/v2.10/bin/bin/../../lib\libc99-pic30-elf.a(floatdisf.XX_o)
 .debug_line      0x00375d         0x6c c:/program files/microchip/xc16/v2.10/bin/bin/../../lib\libc99-pic30-elf.a(floatundisf.XX_o)
 .debug_line      0x0037c9         0x5a c:/program files/microchip/xc16/v2.10/bin/bin/../../lib\libc99-pic30-elf.a(fpack.XX_o)
 .debug_line      0x003823         0x3a c:/program files/microchip/xc16/v2.10/bin/bin/../../lib\libc99-pic30-elf.a(mulsi3.XX_o)

.debug_frame      0x000000       0x183e
 *(.debug_frame)
 .debug_frame     0x000000        0x2ec build/app_only/production/mcc_generated_files/usb/usb_device.o
 .debug_frame     0x0002ec         0x2e build/app_only/production/mcc_generated_files/usb/usb_device_hid.o
 .debug_frame     0x00031a         0x2e build/app_only/production/mcc_generated_files/usb/usb_events.o
 .debug_frame     0x000348         0xca build/app_only/production/mcc_generated_files/usb/usb_hal_16bit.o
 .debug_frame     0x000412         0xca build/app_only/production/mcc_generated_files/spi1.o
 .debug_frame     0x0004dc         0x2e build/app_only/production/mcc_generated_files/clock.o
 .debug_frame     0x00050a        0x14c build/app_only/production/mcc_generated_files/adc1.o
 .debug_frame     0x000656         0xde build/app_only/production/mcc_generated_files/ext_int.o
 .debug_frame     0x000734         0x2e build/app_only/production/mcc_generated_files/interrupt_manager.o
 .debug_frame     0x000762         0x2e build/app_only/production/mcc_generated_files/mcc.o
 .debug_frame     0x000790         0x2e build/app_only/production/mcc_generated_files/pin_manager.o
 .debug_frame     0x0007be         0x7e build/app_only/production/mcc_generated_files/traps.o
 .debug_frame     0x00083c        0x18a build/app_only/production/mcc_generated_files/tmr5.o
 .debug_frame     0x0009c6        0x156 build/app_only/production/mcc_generated_files/thd_i2c1.o
 .debug_frame     0x000b1c        0x1fe build/app_only/production/mcc_generated_files/thd_i2c2.o
 .debug_frame     0x000d1a         0x7c build/app_only/production/mcc_generated_files/ADXL350_TMP102.o
 .debug_frame     0x000d96         0x54 build/app_only/production/mcc_generated_files/ltc1661.o
 .debug_frame     0x000dea         0xb0 build/app_only/production/mcc_generated_files/power_reset.o
 .debug_frame     0x000e9a         0x74 build/app_only/production/mcc_generated_files/system.o
 .debug_frame     0x000f0e         0x96 build/app_only/production/mcc_generated_files/TC358870.o
 .debug_frame     0x000fa4        0x118 build/app_only/production/mcc_generated_files/santek_qhd_lcd.o
 .debug_frame     0x0010bc        0x14c build/app_only/production/mcc_generated_files/ortustech_hd_lcd.o
 .debug_frame     0x001208        0x1ce build/app_only/production/mcc_generated_files/oc1.o
 .debug_frame     0x0013d6        0x1ce build/app_only/production/mcc_generated_files/oc2.o
 .debug_frame     0x0015a4        0x1ce build/app_only/production/mcc_generated_files/oc3.o
 .debug_frame     0x001772         0x48 build/app_only/production/app_device_custom_hid.o
 .debug_frame     0x0017ba         0x84 build/app_only/production/main.o

.debug_str        0x000000        0xa88
 *(.debug_str)
 .debug_str       0x000000         0x2a build/app_only/production/mcc_generated_files/usb/usb_descriptors.o
 .debug_str       0x00002a        0x2ae build/app_only/production/mcc_generated_files/usb/usb_device.o
 .debug_str       0x0002d8         0x4a build/app_only/production/mcc_generated_files/usb/usb_device_hid.o
 .debug_str       0x000322         0xa1 build/app_only/production/mcc_generated_files/usb/usb_hal_16bit.o
 .debug_str       0x0003c3         0x5c build/app_only/production/mcc_generated_files/spi1.o
 .debug_str       0x00041f         0x29 build/app_only/production/mcc_generated_files/adc1.o
 .debug_str       0x000448         0x43 build/app_only/production/mcc_generated_files/ext_int.o
 .debug_str       0x00048b         0x38 build/app_only/production/mcc_generated_files/interrupt_manager.o
 .debug_str       0x0004c3         0x41 build/app_only/production/mcc_generated_files/pin_manager.o
 .debug_str       0x000504          0xc build/app_only/production/mcc_generated_files/traps.o
 .debug_str       0x000510         0x6f build/app_only/production/mcc_generated_files/tmr5.o
 .debug_str       0x00057f         0x91 build/app_only/production/mcc_generated_files/thd_i2c1.o
 .debug_str       0x000610         0x89 build/app_only/production/mcc_generated_files/thd_i2c2.o
 .debug_str       0x000699          0x7 build/app_only/production/mcc_generated_files/ADXL350_TMP102.o
 .debug_str       0x0006a0          0x9 build/app_only/production/mcc_generated_files/ltc1661.o
 .debug_str       0x0006a9         0x1b build/app_only/production/mcc_generated_files/power_reset.o
 .debug_str       0x0006c4         0x17 build/app_only/production/mcc_generated_files/system.o
 .debug_str       0x0006db         0x8b build/app_only/production/mcc_generated_files/TC358870.o
 .debug_str       0x000766         0x38 build/app_only/production/mcc_generated_files/oc1.o
 .debug_str       0x00079e         0x38 build/app_only/production/mcc_generated_files/oc2.o
 .debug_str       0x0007d6         0x38 build/app_only/production/mcc_generated_files/oc3.o
 .debug_str       0x00080e        0x18a build/app_only/production/app_device_custom_hid.o
 .debug_str       0x000998         0xf0 build/app_only/production/main.o

.debug_loc
 *(.debug_loc)

.debug_macinfo
 *(.debug_macinfo)

.debug_pubnames
                  0x000000       0x1889
 *(.debug_pubnames)
 .debug_pubnames
                  0x000000         0x81 build/app_only/production/mcc_generated_files/usb/usb_descriptors.o
 .debug_pubnames
                  0x000081        0x3a3 build/app_only/production/mcc_generated_files/usb/usb_device.o
 .debug_pubnames
                  0x000424         0x29 build/app_only/production/mcc_generated_files/usb/usb_device_hid.o
 .debug_pubnames
                  0x00044d         0x36 build/app_only/production/mcc_generated_files/usb/usb_events.o
 .debug_pubnames
                  0x000483         0xa2 build/app_only/production/mcc_generated_files/usb/usb_hal_16bit.o
 .debug_pubnames
                  0x000525         0xa5 build/app_only/production/mcc_generated_files/spi1.o
 .debug_pubnames
                  0x0005ca         0x27 build/app_only/production/mcc_generated_files/clock.o
 .debug_pubnames
                  0x0005f1        0x10c build/app_only/production/mcc_generated_files/adc1.o
 .debug_pubnames
                  0x0006fd         0x90 build/app_only/production/mcc_generated_files/ext_int.o
 .debug_pubnames
                  0x00078d         0x2b build/app_only/production/mcc_generated_files/interrupt_manager.o
 .debug_pubnames
                  0x0007b8         0x2c build/app_only/production/mcc_generated_files/mcc.o
 .debug_pubnames
                  0x0007e4         0x2d build/app_only/production/mcc_generated_files/pin_manager.o
 .debug_pubnames
                  0x000811         0x6f build/app_only/production/mcc_generated_files/traps.o
 .debug_pubnames
                  0x000880        0x1a7 build/app_only/production/mcc_generated_files/tmr5.o
 .debug_pubnames
                  0x000a27        0x117 build/app_only/production/mcc_generated_files/thd_i2c1.o
 .debug_pubnames
                  0x000b3e        0x1a0 build/app_only/production/mcc_generated_files/thd_i2c2.o
 .debug_pubnames
                  0x000cde         0x5d build/app_only/production/mcc_generated_files/ADXL350_TMP102.o
 .debug_pubnames
                  0x000d3b         0x33 build/app_only/production/mcc_generated_files/ltc1661.o
 .debug_pubnames
                  0x000d6e         0x82 build/app_only/production/mcc_generated_files/power_reset.o
 .debug_pubnames
                  0x000df0         0x3b build/app_only/production/mcc_generated_files/system.o
 .debug_pubnames
                  0x000e2b         0x6d build/app_only/production/mcc_generated_files/TC358870.o
 .debug_pubnames
                  0x000e98         0xd5 build/app_only/production/mcc_generated_files/santek_qhd_lcd.o
 .debug_pubnames
                  0x000f6d        0x101 build/app_only/production/mcc_generated_files/ortustech_hd_lcd.o
 .debug_pubnames
                  0x00106e        0x1a3 build/app_only/production/mcc_generated_files/oc1.o
 .debug_pubnames
                  0x001211        0x1a3 build/app_only/production/mcc_generated_files/oc2.o
 .debug_pubnames
                  0x0013b4        0x1a3 build/app_only/production/mcc_generated_files/oc3.o
 .debug_pubnames
                  0x001557        0x1aa build/app_only/production/app_device_custom_hid.o
 .debug_pubnames
                  0x001701        0x188 build/app_only/production/main.o

.debug_ranges
 *(.debug_ranges)

.debug_aranges    0x000000        0x448
 *(.debug_aranges)
 .debug_aranges
                  0x000000         0x18 build/app_only/production/mcc_generated_files/usb/usb_device.o
 .debug_aranges
                  0x000018         0x18 build/app_only/production/mcc_generated_files/usb/usb_device_hid.o
 .debug_aranges
                  0x000030         0x18 build/app_only/production/mcc_generated_files/usb/usb_events.o
 .debug_aranges
                  0x000048         0x18 build/app_only/production/mcc_generated_files/usb/usb_hal_16bit.o
 .debug_aranges
                  0x000060         0x18 build/app_only/production/mcc_generated_files/spi1.o
 .debug_aranges
                  0x000078         0x18 build/app_only/production/mcc_generated_files/clock.o
 .debug_aranges
                  0x000090         0x18 build/app_only/production/mcc_generated_files/adc1.o
 .debug_aranges
                  0x0000a8         0x18 build/app_only/production/mcc_generated_files/ext_int.o
 .debug_aranges
                  0x0000c0         0x18 build/app_only/production/mcc_generated_files/interrupt_manager.o
 .debug_aranges
                  0x0000d8         0x18 build/app_only/production/mcc_generated_files/mcc.o
 .debug_aranges
                  0x0000f0         0x18 build/app_only/production/mcc_generated_files/pin_manager.o
 .debug_aranges
                  0x000108         0x18 build/app_only/production/mcc_generated_files/traps.o
 .debug_aranges
                  0x000120         0x18 build/app_only/production/mcc_generated_files/tmr5.o
 .debug_aranges
                  0x000138         0x18 build/app_only/production/mcc_generated_files/thd_i2c1.o
 .debug_aranges
                  0x000150         0x18 build/app_only/production/mcc_generated_files/thd_i2c2.o
 .debug_aranges
                  0x000168         0x18 build/app_only/production/mcc_generated_files/ADXL350_TMP102.o
 .debug_aranges
                  0x000180         0x18 build/app_only/production/mcc_generated_files/ltc1661.o
 .debug_aranges
                  0x000198         0x18 build/app_only/production/mcc_generated_files/power_reset.o
 .debug_aranges
                  0x0001b0         0x18 build/app_only/production/mcc_generated_files/system.o
 .debug_aranges
                  0x0001c8         0x18 build/app_only/production/mcc_generated_files/TC358870.o
 .debug_aranges
                  0x0001e0         0x18 build/app_only/production/mcc_generated_files/santek_qhd_lcd.o
 .debug_aranges
                  0x0001f8         0x18 build/app_only/production/mcc_generated_files/ortustech_hd_lcd.o
 .debug_aranges
                  0x000210         0x18 build/app_only/production/mcc_generated_files/oc1.o
 .debug_aranges
                  0x000228         0x18 build/app_only/production/mcc_generated_files/oc2.o
 .debug_aranges
                  0x000240         0x18 build/app_only/production/mcc_generated_files/oc3.o
 .debug_aranges
                  0x000258         0x18 build/app_only/production/app_device_custom_hid.o
 .debug_aranges
                  0x000270         0x18 build/app_only/production/main.o
 .debug_aranges
                  0x000288         0x20 c:/program files/microchip/xc16/v2.10/bin/bin/../../lib\libc99-pic30-elf.a(divsi3.XX_o)
 .debug_aranges
                  0x0002a8         0x20 c:/program files/microchip/xc16/v2.10/bin/bin/../../lib\libc99-pic30-elf.a(fixsfsi.XX_o)
 .debug_aranges
                  0x0002c8         0x20 c:/program files/microchip/xc16/v2.10/bin/bin/../../lib\libc99-pic30-elf.a(floatsisf.XX_o)
 .debug_aranges
                  0x0002e8         0x20 c:/program files/microchip/xc16/v2.10/bin/bin/../../lib\libc99-pic30-elf.a(funpack.XX_o)
 .debug_aranges
                  0x000308         0x20 c:/program files/microchip/xc16/v2.10/bin/bin/../../lib\libc99-pic30-elf.a(udivsi3.XX_o)
 .debug_aranges
                  0x000328         0x20 c:/program files/microchip/xc16/v2.10/bin/bin/../../lib\libc99-pic30-elf.a(mulsf3x.XX_o)
 .debug_aranges
                  0x000348         0x20 c:/program files/microchip/xc16/v2.10/bin/bin/../../lib\libc99-pic30-elf.a(dnrmpackfx.XX_o)
 .debug_aranges
                  0x000368         0x20 c:/program files/microchip/xc16/v2.10/bin/bin/../../lib\libc99-pic30-elf.a(unpackdnrmfx.XX_o)
 .debug_aranges
                  0x000388         0x20 c:/program files/microchip/xc16/v2.10/bin/bin/../../lib\libc99-pic30-elf.a(typefx.XX_o)
 .debug_aranges
                  0x0003a8         0x20 c:/program files/microchip/xc16/v2.10/bin/bin/../../lib\libc99-pic30-elf.a(propnanfx.XX_o)
 .debug_aranges
                  0x0003c8         0x20 c:/program files/microchip/xc16/v2.10/bin/bin/../../lib\libc99-pic30-elf.a(floatdisf.XX_o)
 .debug_aranges
                  0x0003e8         0x20 c:/program files/microchip/xc16/v2.10/bin/bin/../../lib\libc99-pic30-elf.a(floatundisf.XX_o)
 .debug_aranges
                  0x000408         0x20 c:/program files/microchip/xc16/v2.10/bin/bin/../../lib\libc99-pic30-elf.a(fpack.XX_o)
 .debug_aranges
                  0x000428         0x20 c:/program files/microchip/xc16/v2.10/bin/bin/../../lib\libc99-pic30-elf.a(mulsi3.XX_o)

.application_ivt
                  0x001e00         0xc0
                  0x001e00          0x2 SHORT 0x1ec0 ABSOLUTE (__reset)
                  0x001e01          0x2 SHORT 0x4
                  0x001e02          0x2 SHORT 0x0 ((ABSOLUTE (__reset) >> 0x10) & 0x7f)
                  0x001e03          0x2 SHORT 0x0
                  0x001e04          0x2 SHORT 0x2088 DEFINED (__ReservedTrap0)?ABSOLUTE (__ReservedTrap0):ABSOLUTE (__DefaultInterrupt)
                  0x001e05          0x2 SHORT 0x4
                  0x001e06          0x2 SHORT 0x0 DEFINED (__ReservedTrap0)?((ABSOLUTE (__ReservedTrap0) >> 0x10) & 0x7f):((ABSOLUTE (__DefaultInterrupt) >> 0x10) & 0x7f)
                  0x001e07          0x2 SHORT 0x0
                  0x001e08          0x2 SHORT 0x1fc8 DEFINED (__OscillatorFail)?ABSOLUTE (__OscillatorFail):ABSOLUTE (__DefaultInterrupt)
                  0x001e09          0x2 SHORT 0x4
                  0x001e0a          0x2 SHORT 0x0 DEFINED (__OscillatorFail)?((ABSOLUTE (__OscillatorFail) >> 0x10) & 0x7f):((ABSOLUTE (__DefaultInterrupt) >> 0x10) & 0x7f)
                  0x001e0b          0x2 SHORT 0x0
                  0x001e0c          0x2 SHORT 0x1fda DEFINED (__AddressError)?ABSOLUTE (__AddressError):ABSOLUTE (__DefaultInterrupt)
                  0x001e0d          0x2 SHORT 0x4
                  0x001e0e          0x2 SHORT 0x0 DEFINED (__AddressError)?((ABSOLUTE (__AddressError) >> 0x10) & 0x7f):((ABSOLUTE (__DefaultInterrupt) >> 0x10) & 0x7f)
                  0x001e0f          0x2 SHORT 0x0
                  0x001e10          0x2 SHORT 0x1fd0 DEFINED (__StackError)?ABSOLUTE (__StackError):ABSOLUTE (__DefaultInterrupt)
                  0x001e11          0x2 SHORT 0x4
                  0x001e12          0x2 SHORT 0x0 DEFINED (__StackError)?((ABSOLUTE (__StackError) >> 0x10) & 0x7f):((ABSOLUTE (__DefaultInterrupt) >> 0x10) & 0x7f)
                  0x001e13          0x2 SHORT 0x0
                  0x001e14          0x2 SHORT 0x1fe2 DEFINED (__MathError)?ABSOLUTE (__MathError):ABSOLUTE (__DefaultInterrupt)
                  0x001e15          0x2 SHORT 0x4
                  0x001e16          0x2 SHORT 0x0 DEFINED (__MathError)?((ABSOLUTE (__MathError) >> 0x10) & 0x7f):((ABSOLUTE (__DefaultInterrupt) >> 0x10) & 0x7f)
                  0x001e17          0x2 SHORT 0x0
                  0x001e18          0x2 SHORT 0x1f8c DEFINED (__INT0Interrupt)?ABSOLUTE (__INT0Interrupt):ABSOLUTE (__DefaultInterrupt)
                  0x001e19          0x2 SHORT 0x4
                  0x001e1a          0x2 SHORT 0x0 DEFINED (__INT0Interrupt)?((ABSOLUTE (__INT0Interrupt) >> 0x10) & 0x7f):((ABSOLUTE (__DefaultInterrupt) >> 0x10) & 0x7f)
                  0x001e1b          0x2 SHORT 0x0
                  0x001e1c          0x2 SHORT 0x2088 DEFINED (__IC1Interrupt)?ABSOLUTE (__IC1Interrupt):ABSOLUTE (__DefaultInterrupt)
                  0x001e1d          0x2 SHORT 0x4
                  0x001e1e          0x2 SHORT 0x0 DEFINED (__IC1Interrupt)?((ABSOLUTE (__IC1Interrupt) >> 0x10) & 0x7f):((ABSOLUTE (__DefaultInterrupt) >> 0x10) & 0x7f)
                  0x001e1f          0x2 SHORT 0x0
                  0x001e20          0x2 SHORT 0x2088 DEFINED (__OC1Interrupt)?ABSOLUTE (__OC1Interrupt):ABSOLUTE (__DefaultInterrupt)
                  0x001e21          0x2 SHORT 0x4
                  0x001e22          0x2 SHORT 0x0 DEFINED (__OC1Interrupt)?((ABSOLUTE (__OC1Interrupt) >> 0x10) & 0x7f):((ABSOLUTE (__DefaultInterrupt) >> 0x10) & 0x7f)
                  0x001e23          0x2 SHORT 0x0
                  0x001e24          0x2 SHORT 0x2088 DEFINED (__T1Interrupt)?ABSOLUTE (__T1Interrupt):ABSOLUTE (__DefaultInterrupt)
                  0x001e25          0x2 SHORT 0x4
                  0x001e26          0x2 SHORT 0x0 DEFINED (__T1Interrupt)?((ABSOLUTE (__T1Interrupt) >> 0x10) & 0x7f):((ABSOLUTE (__DefaultInterrupt) >> 0x10) & 0x7f)
                  0x001e27          0x2 SHORT 0x0
                  0x001e28          0x2 SHORT 0x2088 DEFINED (__IC2Interrupt)?ABSOLUTE (__IC2Interrupt):ABSOLUTE (__DefaultInterrupt)
                  0x001e29          0x2 SHORT 0x4
                  0x001e2a          0x2 SHORT 0x0 DEFINED (__IC2Interrupt)?((ABSOLUTE (__IC2Interrupt) >> 0x10) & 0x7f):((ABSOLUTE (__DefaultInterrupt) >> 0x10) & 0x7f)
                  0x001e2b          0x2 SHORT 0x0
                  0x001e2c          0x2 SHORT 0x2088 DEFINED (__OC2Interrupt)?ABSOLUTE (__OC2Interrupt):ABSOLUTE (__DefaultInterrupt)
                  0x001e2d          0x2 SHORT 0x4
                  0x001e2e          0x2 SHORT 0x0 DEFINED (__OC2Interrupt)?((ABSOLUTE (__OC2Interrupt) >> 0x10) & 0x7f):((ABSOLUTE (__DefaultInterrupt) >> 0x10) & 0x7f)
                  0x001e2f          0x2 SHORT 0x0
                  0x001e30          0x2 SHORT 0x2088 DEFINED (__T2Interrupt)?ABSOLUTE (__T2Interrupt):ABSOLUTE (__DefaultInterrupt)
                  0x001e31          0x2 SHORT 0x4
                  0x001e32          0x2 SHORT 0x0 DEFINED (__T2Interrupt)?((ABSOLUTE (__T2Interrupt) >> 0x10) & 0x7f):((ABSOLUTE (__DefaultInterrupt) >> 0x10) & 0x7f)
                  0x001e33          0x2 SHORT 0x0
                  0x001e34          0x2 SHORT 0x2088 DEFINED (__T3Interrupt)?ABSOLUTE (__T3Interrupt):ABSOLUTE (__DefaultInterrupt)
                  0x001e35          0x2 SHORT 0x4
                  0x001e36          0x2 SHORT 0x0 DEFINED (__T3Interrupt)?((ABSOLUTE (__T3Interrupt) >> 0x10) & 0x7f):((ABSOLUTE (__DefaultInterrupt) >> 0x10) & 0x7f)
                  0x001e37          0x2 SHORT 0x0
                  0x001e38          0x2 SHORT 0x2088 DEFINED (__SPI1ErrInterrupt)?ABSOLUTE (__SPI1ErrInterrupt):ABSOLUTE (__DefaultInterrupt)
                  0x001e39          0x2 SHORT 0x4
                  0x001e3a          0x2 SHORT 0x0 DEFINED (__SPI1ErrInterrupt)?((ABSOLUTE (__SPI1ErrInterrupt) >> 0x10) & 0x7f):((ABSOLUTE (__DefaultInterrupt) >> 0x10) & 0x7f)
                  0x001e3b          0x2 SHORT 0x0
                  0x001e3c          0x2 SHORT 0x2088 DEFINED (__SPI1Interrupt)?ABSOLUTE (__SPI1Interrupt):ABSOLUTE (__DefaultInterrupt)
                  0x001e3d          0x2 SHORT 0x4
                  0x001e3e          0x2 SHORT 0x0 DEFINED (__SPI1Interrupt)?((ABSOLUTE (__SPI1Interrupt) >> 0x10) & 0x7f):((ABSOLUTE (__DefaultInterrupt) >> 0x10) & 0x7f)
                  0x001e3f          0x2 SHORT 0x0
                  0x001e40          0x2 SHORT 0x2088 DEFINED (__U1RXInterrupt)?ABSOLUTE (__U1RXInterrupt):ABSOLUTE (__DefaultInterrupt)
                  0x001e41          0x2 SHORT 0x4
                  0x001e42          0x2 SHORT 0x0 DEFINED (__U1RXInterrupt)?((ABSOLUTE (__U1RXInterrupt) >> 0x10) & 0x7f):((ABSOLUTE (__DefaultInterrupt) >> 0x10) & 0x7f)
                  0x001e43          0x2 SHORT 0x0
                  0x001e44          0x2 SHORT 0x2088 DEFINED (__U1TXInterrupt)?ABSOLUTE (__U1TXInterrupt):ABSOLUTE (__DefaultInterrupt)
                  0x001e45          0x2 SHORT 0x4
                  0x001e46          0x2 SHORT 0x0 DEFINED (__U1TXInterrupt)?((ABSOLUTE (__U1TXInterrupt) >> 0x10) & 0x7f):((ABSOLUTE (__DefaultInterrupt) >> 0x10) & 0x7f)
                  0x001e47          0x2 SHORT 0x0
                  0x001e48          0x2 SHORT 0x2088 DEFINED (__ADC1Interrupt)?ABSOLUTE (__ADC1Interrupt):ABSOLUTE (__DefaultInterrupt)
                  0x001e49          0x2 SHORT 0x4
                  0x001e4a          0x2 SHORT 0x0 DEFINED (__ADC1Interrupt)?((ABSOLUTE (__ADC1Interrupt) >> 0x10) & 0x7f):((ABSOLUTE (__DefaultInterrupt) >> 0x10) & 0x7f)
                  0x001e4b          0x2 SHORT 0x0
                  0x001e4c          0x2 SHORT 0x2088 DEFINED (__SI2C1Interrupt)?ABSOLUTE (__SI2C1Interrupt):ABSOLUTE (__DefaultInterrupt)
                  0x001e4d          0x2 SHORT 0x4
                  0x001e4e          0x2 SHORT 0x0 DEFINED (__SI2C1Interrupt)?((ABSOLUTE (__SI2C1Interrupt) >> 0x10) & 0x7f):((ABSOLUTE (__DefaultInterrupt) >> 0x10) & 0x7f)
                  0x001e4f          0x2 SHORT 0x0
                  0x001e50          0x2 SHORT 0x2020 DEFINED (__MI2C1Interrupt)?ABSOLUTE (__MI2C1Interrupt):ABSOLUTE (__DefaultInterrupt)
                  0x001e51          0x2 SHORT 0x4
                  0x001e52          0x2 SHORT 0x0 DEFINED (__MI2C1Interrupt)?((ABSOLUTE (__MI2C1Interrupt) >> 0x10) & 0x7f):((ABSOLUTE (__DefaultInterrupt) >> 0x10) & 0x7f)
                  0x001e53          0x2 SHORT 0x0
                  0x001e54          0x2 SHORT 0x2088 DEFINED (__CompInterrupt)?ABSOLUTE (__CompInterrupt):ABSOLUTE (__DefaultInterrupt)
                  0x001e55          0x2 SHORT 0x4
                  0x001e56          0x2 SHORT 0x0 DEFINED (__CompInterrupt)?((ABSOLUTE (__CompInterrupt) >> 0x10) & 0x7f):((ABSOLUTE (__DefaultInterrupt) >> 0x10) & 0x7f)
                  0x001e57          0x2 SHORT 0x0
                  0x001e58          0x2 SHORT 0x2088 DEFINED (__CNInterrupt)?ABSOLUTE (__CNInterrupt):ABSOLUTE (__DefaultInterrupt)
                  0x001e59          0x2 SHORT 0x4
                  0x001e5a          0x2 SHORT 0x0 DEFINED (__CNInterrupt)?((ABSOLUTE (__CNInterrupt) >> 0x10) & 0x7f):((ABSOLUTE (__DefaultInterrupt) >> 0x10) & 0x7f)
                  0x001e5b          0x2 SHORT 0x0
                  0x001e5c          0x2 SHORT 0x1faa DEFINED (__INT1Interrupt)?ABSOLUTE (__INT1Interrupt):ABSOLUTE (__DefaultInterrupt)
                  0x001e5d          0x2 SHORT 0x4
                  0x001e5e          0x2 SHORT 0x0 DEFINED (__INT1Interrupt)?((ABSOLUTE (__INT1Interrupt) >> 0x10) & 0x7f):((ABSOLUTE (__DefaultInterrupt) >> 0x10) & 0x7f)
                  0x001e5f          0x2 SHORT 0x0
                  0x001e60          0x2 SHORT 0x2088 DEFINED (__OC3Interrupt)?ABSOLUTE (__OC3Interrupt):ABSOLUTE (__DefaultInterrupt)
                  0x001e61          0x2 SHORT 0x4
                  0x001e62          0x2 SHORT 0x0 DEFINED (__OC3Interrupt)?((ABSOLUTE (__OC3Interrupt) >> 0x10) & 0x7f):((ABSOLUTE (__DefaultInterrupt) >> 0x10) & 0x7f)
                  0x001e63          0x2 SHORT 0x0
                  0x001e64          0x2 SHORT 0x2088 DEFINED (__OC4Interrupt)?ABSOLUTE (__OC4Interrupt):ABSOLUTE (__DefaultInterrupt)
                  0x001e65          0x2 SHORT 0x4
                  0x001e66          0x2 SHORT 0x0 DEFINED (__OC4Interrupt)?((ABSOLUTE (__OC4Interrupt) >> 0x10) & 0x7f):((ABSOLUTE (__DefaultInterrupt) >> 0x10) & 0x7f)
                  0x001e67          0x2 SHORT 0x0
                  0x001e68          0x2 SHORT 0x2088 DEFINED (__T4Interrupt)?ABSOLUTE (__T4Interrupt):ABSOLUTE (__DefaultInterrupt)
                  0x001e69          0x2 SHORT 0x4
                  0x001e6a          0x2 SHORT 0x0 DEFINED (__T4Interrupt)?((ABSOLUTE (__T4Interrupt) >> 0x10) & 0x7f):((ABSOLUTE (__DefaultInterrupt) >> 0x10) & 0x7f)
                  0x001e6b          0x2 SHORT 0x0
                  0x001e6c          0x2 SHORT 0x1fea DEFINED (__T5Interrupt)?ABSOLUTE (__T5Interrupt):ABSOLUTE (__DefaultInterrupt)
                  0x001e6d          0x2 SHORT 0x4
                  0x001e6e          0x2 SHORT 0x0 DEFINED (__T5Interrupt)?((ABSOLUTE (__T5Interrupt) >> 0x10) & 0x7f):((ABSOLUTE (__DefaultInterrupt) >> 0x10) & 0x7f)
                  0x001e6f          0x2 SHORT 0x0
                  0x001e70          0x2 SHORT 0x2088 DEFINED (__INT2Interrupt)?ABSOLUTE (__INT2Interrupt):ABSOLUTE (__DefaultInterrupt)
                  0x001e71          0x2 SHORT 0x4
                  0x001e72          0x2 SHORT 0x0 DEFINED (__INT2Interrupt)?((ABSOLUTE (__INT2Interrupt) >> 0x10) & 0x7f):((ABSOLUTE (__DefaultInterrupt) >> 0x10) & 0x7f)
                  0x001e73          0x2 SHORT 0x0
                  0x001e74          0x2 SHORT 0x2088 DEFINED (__U2RXInterrupt)?ABSOLUTE (__U2RXInterrupt):ABSOLUTE (__DefaultInterrupt)
                  0x001e75          0x2 SHORT 0x4
                  0x001e76          0x2 SHORT 0x0 DEFINED (__U2RXInterrupt)?((ABSOLUTE (__U2RXInterrupt) >> 0x10) & 0x7f):((ABSOLUTE (__DefaultInterrupt) >> 0x10) & 0x7f)
                  0x001e77          0x2 SHORT 0x0
                  0x001e78          0x2 SHORT 0x2088 DEFINED (__U2TXInterrupt)?ABSOLUTE (__U2TXInterrupt):ABSOLUTE (__DefaultInterrupt)
                  0x001e79          0x2 SHORT 0x4
                  0x001e7a          0x2 SHORT 0x0 DEFINED (__U2TXInterrupt)?((ABSOLUTE (__U2TXInterrupt) >> 0x10) & 0x7f):((ABSOLUTE (__DefaultInterrupt) >> 0x10) & 0x7f)
                  0x001e7b          0x2 SHORT 0x0
                  0x001e7c          0x2 SHORT 0x2088 DEFINED (__SPI2ErrInterrupt)?ABSOLUTE (__SPI2ErrInterrupt):ABSOLUTE (__DefaultInterrupt)
                  0x001e7d          0x2 SHORT 0x4
                  0x001e7e          0x2 SHORT 0x0 DEFINED (__SPI2ErrInterrupt)?((ABSOLUTE (__SPI2ErrInterrupt) >> 0x10) & 0x7f):((ABSOLUTE (__DefaultInterrupt) >> 0x10) & 0x7f)
                  0x001e7f          0x2 SHORT 0x0
                  0x001e80          0x2 SHORT 0x2088 DEFINED (__SPI2Interrupt)?ABSOLUTE (__SPI2Interrupt):ABSOLUTE (__DefaultInterrupt)
                  0x001e81          0x2 SHORT 0x4
                  0x001e82          0x2 SHORT 0x0 DEFINED (__SPI2Interrupt)?((ABSOLUTE (__SPI2Interrupt) >> 0x10) & 0x7f):((ABSOLUTE (__DefaultInterrupt) >> 0x10) & 0x7f)
                  0x001e83          0x2 SHORT 0x0
                  0x001e84          0x2 SHORT 0x2088 DEFINED (__IC3Interrupt)?ABSOLUTE (__IC3Interrupt):ABSOLUTE (__DefaultInterrupt)
                  0x001e85          0x2 SHORT 0x4
                  0x001e86          0x2 SHORT 0x0 DEFINED (__IC3Interrupt)?((ABSOLUTE (__IC3Interrupt) >> 0x10) & 0x7f):((ABSOLUTE (__DefaultInterrupt) >> 0x10) & 0x7f)
                  0x001e87          0x2 SHORT 0x0
                  0x001e88          0x2 SHORT 0x2088 DEFINED (__IC4Interrupt)?ABSOLUTE (__IC4Interrupt):ABSOLUTE (__DefaultInterrupt)
                  0x001e89          0x2 SHORT 0x4
                  0x001e8a          0x2 SHORT 0x0 DEFINED (__IC4Interrupt)?((ABSOLUTE (__IC4Interrupt) >> 0x10) & 0x7f):((ABSOLUTE (__DefaultInterrupt) >> 0x10) & 0x7f)
                  0x001e8b          0x2 SHORT 0x0
                  0x001e8c          0x2 SHORT 0x2088 DEFINED (__IC5Interrupt)?ABSOLUTE (__IC5Interrupt):ABSOLUTE (__DefaultInterrupt)
                  0x001e8d          0x2 SHORT 0x4
                  0x001e8e          0x2 SHORT 0x0 DEFINED (__IC5Interrupt)?((ABSOLUTE (__IC5Interrupt) >> 0x10) & 0x7f):((ABSOLUTE (__DefaultInterrupt) >> 0x10) & 0x7f)
                  0x001e8f          0x2 SHORT 0x0
                  0x001e90          0x2 SHORT 0x2088 DEFINED (__OC5Interrupt)?ABSOLUTE (__OC5Interrupt):ABSOLUTE (__DefaultInterrupt)
                  0x001e91          0x2 SHORT 0x4
                  0x001e92          0x2 SHORT 0x0 DEFINED (__OC5Interrupt)?((ABSOLUTE (__OC5Interrupt) >> 0x10) & 0x7f):((ABSOLUTE (__DefaultInterrupt) >> 0x10) & 0x7f)
                  0x001e93          0x2 SHORT 0x0
                  0x001e94          0x2 SHORT 0x2088 DEFINED (__PMPInterrupt)?ABSOLUTE (__PMPInterrupt):ABSOLUTE (__DefaultInterrupt)
                  0x001e95          0x2 SHORT 0x4
                  0x001e96          0x2 SHORT 0x0 DEFINED (__PMPInterrupt)?((ABSOLUTE (__PMPInterrupt) >> 0x10) & 0x7f):((ABSOLUTE (__DefaultInterrupt) >> 0x10) & 0x7f)
                  0x001e97          0x2 SHORT 0x0
                  0x001e98          0x2 SHORT 0x2088 DEFINED (__SI2C2Interrupt)?ABSOLUTE (__SI2C2Interrupt):ABSOLUTE (__DefaultInterrupt)
                  0x001e99          0x2 SHORT 0x4
                  0x001e9a          0x2 SHORT 0x0 DEFINED (__SI2C2Interrupt)?((ABSOLUTE (__SI2C2Interrupt) >> 0x10) & 0x7f):((ABSOLUTE (__DefaultInterrupt) >> 0x10) & 0x7f)
                  0x001e9b          0x2 SHORT 0x0
                  0x001e9c          0x2 SHORT 0x2042 DEFINED (__MI2C2Interrupt)?ABSOLUTE (__MI2C2Interrupt):ABSOLUTE (__DefaultInterrupt)
                  0x001e9d          0x2 SHORT 0x4
                  0x001e9e          0x2 SHORT 0x0 DEFINED (__MI2C2Interrupt)?((ABSOLUTE (__MI2C2Interrupt) >> 0x10) & 0x7f):((ABSOLUTE (__DefaultInterrupt) >> 0x10) & 0x7f)
                  0x001e9f          0x2 SHORT 0x0
                  0x001ea0          0x2 SHORT 0x2088 DEFINED (__RTCCInterrupt)?ABSOLUTE (__RTCCInterrupt):ABSOLUTE (__DefaultInterrupt)
                  0x001ea1          0x2 SHORT 0x4
                  0x001ea2          0x2 SHORT 0x0 DEFINED (__RTCCInterrupt)?((ABSOLUTE (__RTCCInterrupt) >> 0x10) & 0x7f):((ABSOLUTE (__DefaultInterrupt) >> 0x10) & 0x7f)
                  0x001ea3          0x2 SHORT 0x0
                  0x001ea4          0x2 SHORT 0x2088 DEFINED (__U1ErrInterrupt)?ABSOLUTE (__U1ErrInterrupt):ABSOLUTE (__DefaultInterrupt)
                  0x001ea5          0x2 SHORT 0x4
                  0x001ea6          0x2 SHORT 0x0 DEFINED (__U1ErrInterrupt)?((ABSOLUTE (__U1ErrInterrupt) >> 0x10) & 0x7f):((ABSOLUTE (__DefaultInterrupt) >> 0x10) & 0x7f)
                  0x001ea7          0x2 SHORT 0x0
                  0x001ea8          0x2 SHORT 0x2088 DEFINED (__U2ErrInterrupt)?ABSOLUTE (__U2ErrInterrupt):ABSOLUTE (__DefaultInterrupt)
                  0x001ea9          0x2 SHORT 0x4
                  0x001eaa          0x2 SHORT 0x0 DEFINED (__U2ErrInterrupt)?((ABSOLUTE (__U2ErrInterrupt) >> 0x10) & 0x7f):((ABSOLUTE (__DefaultInterrupt) >> 0x10) & 0x7f)
                  0x001eab          0x2 SHORT 0x0
                  0x001eac          0x2 SHORT 0x2088 DEFINED (__CRCInterrupt)?ABSOLUTE (__CRCInterrupt):ABSOLUTE (__DefaultInterrupt)
                  0x001ead          0x2 SHORT 0x4
                  0x001eae          0x2 SHORT 0x0 DEFINED (__CRCInterrupt)?((ABSOLUTE (__CRCInterrupt) >> 0x10) & 0x7f):((ABSOLUTE (__DefaultInterrupt) >> 0x10) & 0x7f)
                  0x001eaf          0x2 SHORT 0x0
                  0x001eb0          0x2 SHORT 0x2088 DEFINED (__LVDInterrupt)?ABSOLUTE (__LVDInterrupt):ABSOLUTE (__DefaultInterrupt)
                  0x001eb1          0x2 SHORT 0x4
                  0x001eb2          0x2 SHORT 0x0 DEFINED (__LVDInterrupt)?((ABSOLUTE (__LVDInterrupt) >> 0x10) & 0x7f):((ABSOLUTE (__DefaultInterrupt) >> 0x10) & 0x7f)
                  0x001eb3          0x2 SHORT 0x0
                  0x001eb4          0x2 SHORT 0x2088 DEFINED (__CTMUInterrupt)?ABSOLUTE (__CTMUInterrupt):ABSOLUTE (__DefaultInterrupt)
                  0x001eb5          0x2 SHORT 0x4
                  0x001eb6          0x2 SHORT 0x0 DEFINED (__CTMUInterrupt)?((ABSOLUTE (__CTMUInterrupt) >> 0x10) & 0x7f):((ABSOLUTE (__DefaultInterrupt) >> 0x10) & 0x7f)
                  0x001eb7          0x2 SHORT 0x0
                  0x001eb8          0x2 SHORT 0x2064 DEFINED (__USB1Interrupt)?ABSOLUTE (__USB1Interrupt):ABSOLUTE (__DefaultInterrupt)
                  0x001eb9          0x2 SHORT 0x4
                  0x001eba          0x2 SHORT 0x0 DEFINED (__USB1Interrupt)?((ABSOLUTE (__USB1Interrupt) >> 0x10) & 0x7f):((ABSOLUTE (__DefaultInterrupt) >> 0x10) & 0x7f)
                  0x001ebb          0x2 SHORT 0x0
                  0x001ebc                  __DEFAULT_VECTOR = .
                  0x001ebc          0x2 SHORT 0x2088 ABSOLUTE (__DefaultInterrupt)
                  0x001ebd          0x2 SHORT 0x4
                  0x001ebe          0x2 SHORT 0x0 ((ABSOLUTE (__DefaultInterrupt) >> 0x10) & 0x7f)
                  0x001ebf          0x2 SHORT 0x0

.ivt              0x000004         0xfc
                  0x000004          0x4 LONG 0x1e04 (ABSOLUTE (__APP_IVT_BASE) + 0x4)
                  0x000006          0x4 LONG 0x1e08 (ABSOLUTE (__APP_IVT_BASE) + 0x8)
                  0x000008          0x4 LONG 0x1e0c (ABSOLUTE (__APP_IVT_BASE) + 0xc)
                  0x00000a          0x4 LONG 0x1e10 (ABSOLUTE (__APP_IVT_BASE) + 0x10)
                  0x00000c          0x4 LONG 0x1e14 (ABSOLUTE (__APP_IVT_BASE) + 0x14)
                  0x00000e          0x4 LONG 0x1ebc ABSOLUTE (__DEFAULT_VECTOR)
                  0x000010          0x4 LONG 0x1ebc ABSOLUTE (__DEFAULT_VECTOR)
                  0x000012          0x4 LONG 0x1ebc ABSOLUTE (__DEFAULT_VECTOR)
                  0x000014          0x4 LONG 0x1e18 (ABSOLUTE (__APP_IVT_BASE) + 0x18)
                  0x000016          0x4 LONG 0x1e1c (ABSOLUTE (__APP_IVT_BASE) + 0x1c)
                  0x000018          0x4 LONG 0x1e20 (ABSOLUTE (__APP_IVT_BASE) + 0x20)
                  0x00001a          0x4 LONG 0x1e24 (ABSOLUTE (__APP_IVT_BASE) + 0x24)
                  0x00001c          0x4 LONG 0x1ebc ABSOLUTE (__DEFAULT_VECTOR)
                  0x00001e          0x4 LONG 0x1e28 (ABSOLUTE (__APP_IVT_BASE) + 0x28)
                  0x000020          0x4 LONG 0x1e2c (ABSOLUTE (__APP_IVT_BASE) + 0x2c)
                  0x000022          0x4 LONG 0x1e30 (ABSOLUTE (__APP_IVT_BASE) + 0x30)
                  0x000024          0x4 LONG 0x1e34 (ABSOLUTE (__APP_IVT_BASE) + 0x34)
                  0x000026          0x4 LONG 0x1e38 (ABSOLUTE (__APP_IVT_BASE) + 0x38)
                  0x000028          0x4 LONG 0x1e3c (ABSOLUTE (__APP_IVT_BASE) + 0x3c)
                  0x00002a          0x4 LONG 0x1e40 (ABSOLUTE (__APP_IVT_BASE) + 0x40)
                  0x00002c          0x4 LONG 0x1e44 (ABSOLUTE (__APP_IVT_BASE) + 0x44)
                  0x00002e          0x4 LONG 0x1e48 (ABSOLUTE (__APP_IVT_BASE) + 0x48)
                  0x000030          0x4 LONG 0x1ebc ABSOLUTE (__DEFAULT_VECTOR)
                  0x000032          0x4 LONG 0x1ebc ABSOLUTE (__DEFAULT_VECTOR)
                  0x000034          0x4 LONG 0x1e4c (ABSOLUTE (__APP_IVT_BASE) + 0x4c)
                  0x000036          0x4 LONG 0x1e50 (ABSOLUTE (__APP_IVT_BASE) + 0x50)
                  0x000038          0x4 LONG 0x1e54 (ABSOLUTE (__APP_IVT_BASE) + 0x54)
                  0x00003a          0x4 LONG 0x1e58 (ABSOLUTE (__APP_IVT_BASE) + 0x58)
                  0x00003c          0x4 LONG 0x1e5c (ABSOLUTE (__APP_IVT_BASE) + 0x5c)
                  0x00003e          0x4 LONG 0x1ebc ABSOLUTE (__DEFAULT_VECTOR)
                  0x000040          0x4 LONG 0x1ebc ABSOLUTE (__DEFAULT_VECTOR)
                  0x000042          0x4 LONG 0x1ebc ABSOLUTE (__DEFAULT_VECTOR)
                  0x000044          0x4 LONG 0x1ebc ABSOLUTE (__DEFAULT_VECTOR)
                  0x000046          0x4 LONG 0x1e60 (ABSOLUTE (__APP_IVT_BASE) + 0x60)
                  0x000048          0x4 LONG 0x1e64 (ABSOLUTE (__APP_IVT_BASE) + 0x64)
                  0x00004a          0x4 LONG 0x1e68 (ABSOLUTE (__APP_IVT_BASE) + 0x68)
                  0x00004c          0x4 LONG 0x1e6c (ABSOLUTE (__APP_IVT_BASE) + 0x6c)
                  0x00004e          0x4 LONG 0x1e70 (ABSOLUTE (__APP_IVT_BASE) + 0x70)
                  0x000050          0x4 LONG 0x1e74 (ABSOLUTE (__APP_IVT_BASE) + 0x74)
                  0x000052          0x4 LONG 0x1e78 (ABSOLUTE (__APP_IVT_BASE) + 0x78)
                  0x000054          0x4 LONG 0x1e7c (ABSOLUTE (__APP_IVT_BASE) + 0x7c)
                  0x000056          0x4 LONG 0x1e80 (ABSOLUTE (__APP_IVT_BASE) + 0x80)
                  0x000058          0x4 LONG 0x1ebc ABSOLUTE (__DEFAULT_VECTOR)
                  0x00005a          0x4 LONG 0x1ebc ABSOLUTE (__DEFAULT_VECTOR)
                  0x00005c          0x4 LONG 0x1ebc ABSOLUTE (__DEFAULT_VECTOR)
                  0x00005e          0x4 LONG 0x1e84 (ABSOLUTE (__APP_IVT_BASE) + 0x84)
                  0x000060          0x4 LONG 0x1e88 (ABSOLUTE (__APP_IVT_BASE) + 0x88)
                  0x000062          0x4 LONG 0x1e8c (ABSOLUTE (__APP_IVT_BASE) + 0x8c)
                  0x000064          0x4 LONG 0x1ebc ABSOLUTE (__DEFAULT_VECTOR)
                  0x000066          0x4 LONG 0x1e90 (ABSOLUTE (__APP_IVT_BASE) + 0x90)
                  0x000068          0x4 LONG 0x1ebc ABSOLUTE (__DEFAULT_VECTOR)
                  0x00006a          0x4 LONG 0x1ebc ABSOLUTE (__DEFAULT_VECTOR)
                  0x00006c          0x4 LONG 0x1ebc ABSOLUTE (__DEFAULT_VECTOR)
                  0x00006e          0x4 LONG 0x1e94 (ABSOLUTE (__APP_IVT_BASE) + 0x94)
                  0x000070          0x4 LONG 0x1ebc ABSOLUTE (__DEFAULT_VECTOR)
                  0x000072          0x4 LONG 0x1ebc ABSOLUTE (__DEFAULT_VECTOR)
                  0x000074          0x4 LONG 0x1ebc ABSOLUTE (__DEFAULT_VECTOR)
                  0x000076          0x4 LONG 0x1e98 (ABSOLUTE (__APP_IVT_BASE) + 0x98)
                  0x000078          0x4 LONG 0x1e9c (ABSOLUTE (__APP_IVT_BASE) + 0x9c)
                  0x00007a          0x4 LONG 0x1ebc ABSOLUTE (__DEFAULT_VECTOR)
                  0x00007c          0x4 LONG 0x1ebc ABSOLUTE (__DEFAULT_VECTOR)
                  0x00007e          0x4 LONG 0x1ebc ABSOLUTE (__DEFAULT_VECTOR)
                  0x000080          0x4 LONG 0x1ebc ABSOLUTE (__DEFAULT_VECTOR)
                  0x000082          0x4 LONG 0x1ebc ABSOLUTE (__DEFAULT_VECTOR)
                  0x000084          0x4 LONG 0x1ebc ABSOLUTE (__DEFAULT_VECTOR)
                  0x000086          0x4 LONG 0x1ebc ABSOLUTE (__DEFAULT_VECTOR)
                  0x000088          0x4 LONG 0x1ebc ABSOLUTE (__DEFAULT_VECTOR)
                  0x00008a          0x4 LONG 0x1ebc ABSOLUTE (__DEFAULT_VECTOR)
                  0x00008c          0x4 LONG 0x1ebc ABSOLUTE (__DEFAULT_VECTOR)
                  0x00008e          0x4 LONG 0x1ebc ABSOLUTE (__DEFAULT_VECTOR)
                  0x000090          0x4 LONG 0x1ea0 (ABSOLUTE (__APP_IVT_BASE) + 0xa0)
                  0x000092          0x4 LONG 0x1ebc ABSOLUTE (__DEFAULT_VECTOR)
                  0x000094          0x4 LONG 0x1ebc ABSOLUTE (__DEFAULT_VECTOR)
                  0x000096          0x4 LONG 0x1ea4 (ABSOLUTE (__APP_IVT_BASE) + 0xa4)
                  0x000098          0x4 LONG 0x1ea8 (ABSOLUTE (__APP_IVT_BASE) + 0xa8)
                  0x00009a          0x4 LONG 0x1eac (ABSOLUTE (__APP_IVT_BASE) + 0xac)
                  0x00009c          0x4 LONG 0x1ebc ABSOLUTE (__DEFAULT_VECTOR)
                  0x00009e          0x4 LONG 0x1ebc ABSOLUTE (__DEFAULT_VECTOR)
                  0x0000a0          0x4 LONG 0x1ebc ABSOLUTE (__DEFAULT_VECTOR)
                  0x0000a2          0x4 LONG 0x1ebc ABSOLUTE (__DEFAULT_VECTOR)
                  0x0000a4          0x4 LONG 0x1eb0 (ABSOLUTE (__APP_IVT_BASE) + 0xb0)
                  0x0000a6          0x4 LONG 0x1ebc ABSOLUTE (__DEFAULT_VECTOR)
                  0x0000a8          0x4 LONG 0x1ebc ABSOLUTE (__DEFAULT_VECTOR)
                  0x0000aa          0x4 LONG 0x1ebc ABSOLUTE (__DEFAULT_VECTOR)
                  0x0000ac          0x4 LONG 0x1ebc ABSOLUTE (__DEFAULT_VECTOR)
                  0x0000ae          0x4 LONG 0x1eb4 (ABSOLUTE (__APP_IVT_BASE) + 0xb4)
                  0x0000b0          0x4 LONG 0x1ebc ABSOLUTE (__DEFAULT_VECTOR)
                  0x0000b2          0x4 LONG 0x1ebc ABSOLUTE (__DEFAULT_VECTOR)
                  0x0000b4          0x4 LONG 0x1ebc ABSOLUTE (__DEFAULT_VECTOR)
                  0x0000b6          0x4 LONG 0x1ebc ABSOLUTE (__DEFAULT_VECTOR)
                  0x0000b8          0x4 LONG 0x1ebc ABSOLUTE (__DEFAULT_VECTOR)
                  0x0000ba          0x4 LONG 0x1ebc ABSOLUTE (__DEFAULT_VECTOR)
                  0x0000bc          0x4 LONG 0x1ebc ABSOLUTE (__DEFAULT_VECTOR)
                  0x0000be          0x4 LONG 0x1ebc ABSOLUTE (__DEFAULT_VECTOR)
                  0x0000c0          0x4 LONG 0x1eb8 (ABSOLUTE (__APP_IVT_BASE) + 0xb8)
                  0x0000c2          0x4 LONG 0x1ebc ABSOLUTE (__DEFAULT_VECTOR)
                  0x0000c4          0x4 LONG 0x1ebc ABSOLUTE (__DEFAULT_VECTOR)
                  0x0000c6          0x4 LONG 0x1ebc ABSOLUTE (__DEFAULT_VECTOR)
                  0x0000c8          0x4 LONG 0x1ebc ABSOLUTE (__DEFAULT_VECTOR)
                  0x0000ca          0x4 LONG 0x1ebc ABSOLUTE (__DEFAULT_VECTOR)
                  0x0000cc          0x4 LONG 0x1ebc ABSOLUTE (__DEFAULT_VECTOR)
                  0x0000ce          0x4 LONG 0x1ebc ABSOLUTE (__DEFAULT_VECTOR)
                  0x0000d0          0x4 LONG 0x1ebc ABSOLUTE (__DEFAULT_VECTOR)
                  0x0000d2          0x4 LONG 0x1ebc ABSOLUTE (__DEFAULT_VECTOR)
                  0x0000d4          0x4 LONG 0x1ebc ABSOLUTE (__DEFAULT_VECTOR)
                  0x0000d6          0x4 LONG 0x1ebc ABSOLUTE (__DEFAULT_VECTOR)
                  0x0000d8          0x4 LONG 0x1ebc ABSOLUTE (__DEFAULT_VECTOR)
                  0x0000da          0x4 LONG 0x1ebc ABSOLUTE (__DEFAULT_VECTOR)
                  0x0000dc          0x4 LONG 0x1ebc ABSOLUTE (__DEFAULT_VECTOR)
                  0x0000de          0x4 LONG 0x1ebc ABSOLUTE (__DEFAULT_VECTOR)
                  0x0000e0          0x4 LONG 0x1ebc ABSOLUTE (__DEFAULT_VECTOR)
                  0x0000e2          0x4 LONG 0x1ebc ABSOLUTE (__DEFAULT_VECTOR)
                  0x0000e4          0x4 LONG 0x1ebc ABSOLUTE (__DEFAULT_VECTOR)
                  0x0000e6          0x4 LONG 0x1ebc ABSOLUTE (__DEFAULT_VECTOR)
                  0x0000e8          0x4 LONG 0x1ebc ABSOLUTE (__DEFAULT_VECTOR)
                  0x0000ea          0x4 LONG 0x1ebc ABSOLUTE (__DEFAULT_VECTOR)
                  0x0000ec          0x4 LONG 0x1ebc ABSOLUTE (__DEFAULT_VECTOR)
                  0x0000ee          0x4 LONG 0x1ebc ABSOLUTE (__DEFAULT_VECTOR)
                  0x0000f0          0x4 LONG 0x1ebc ABSOLUTE (__DEFAULT_VECTOR)
                  0x0000f2          0x4 LONG 0x1ebc ABSOLUTE (__DEFAULT_VECTOR)
                  0x0000f4          0x4 LONG 0x1ebc ABSOLUTE (__DEFAULT_VECTOR)
                  0x0000f6          0x4 LONG 0x1ebc ABSOLUTE (__DEFAULT_VECTOR)
                  0x0000f8          0x4 LONG 0x1ebc ABSOLUTE (__DEFAULT_VECTOR)
                  0x0000fa          0x4 LONG 0x1ebc ABSOLUTE (__DEFAULT_VECTOR)
                  0x0000fc          0x4 LONG 0x1ebc ABSOLUTE (__DEFAULT_VECTOR)
                  0x0000fe          0x4 LONG 0x1ebc ABSOLUTE (__DEFAULT_VECTOR)

.aivt
                    0x0000                  WREG0 = 0x0
                    0x0000                  _WREG0 = 0x0
                    0x0002                  WREG1 = 0x2
                    0x0002                  _WREG1 = 0x2
                    0x0004                  WREG2 = 0x4
                    0x0004                  _WREG2 = 0x4
                    0x0006                  WREG3 = 0x6
                    0x0006                  _WREG3 = 0x6
                    0x0008                  WREG4 = 0x8
                    0x0008                  _WREG4 = 0x8
                    0x000a                  WREG5 = 0xa
                    0x000a                  _WREG5 = 0xa
                    0x000c                  WREG6 = 0xc
                    0x000c                  _WREG6 = 0xc
                    0x000e                  WREG7 = 0xe
                    0x000e                  _WREG7 = 0xe
                    0x0010                  WREG8 = 0x10
                    0x0010                  _WREG8 = 0x10
                    0x0012                  WREG9 = 0x12
                    0x0012                  _WREG9 = 0x12
                    0x0014                  WREG10 = 0x14
                    0x0014                  _WREG10 = 0x14
                    0x0016                  WREG11 = 0x16
                    0x0016                  _WREG11 = 0x16
                    0x0018                  WREG12 = 0x18
                    0x0018                  _WREG12 = 0x18
                    0x001a                  WREG13 = 0x1a
                    0x001a                  _WREG13 = 0x1a
                    0x001c                  WREG14 = 0x1c
                    0x001c                  _WREG14 = 0x1c
                    0x001e                  WREG15 = 0x1e
                    0x001e                  _WREG15 = 0x1e
                    0x0020                  SPLIM = 0x20
                    0x0020                  _SPLIM = 0x20
                    0x002e                  PCL = 0x2e
                    0x002e                  _PCL = 0x2e
                    0x0030                  PCH = 0x30
                    0x0030                  _PCH = 0x30
                    0x0032                  TBLPAG = 0x32
                    0x0032                  _TBLPAG = 0x32
                    0x0034                  PSVPAG = 0x34
                    0x0034                  _PSVPAG = 0x34
                    0x0036                  RCOUNT = 0x36
                    0x0036                  _RCOUNT = 0x36
                    0x0042                  SR = 0x42
                    0x0042                  _SR = 0x42
                    0x0042                  _SRbits = 0x42
                    0x0044                  CORCON = 0x44
                    0x0044                  _CORCON = 0x44
                    0x0044                  _CORCONbits = 0x44
                    0x0052                  DISICNT = 0x52
                    0x0052                  _DISICNT = 0x52
                    0x0060                  CNEN1 = 0x60
                    0x0060                  _CNEN1 = 0x60
                    0x0060                  _CNEN1bits = 0x60
                    0x0062                  CNEN2 = 0x62
                    0x0062                  _CNEN2 = 0x62
                    0x0062                  _CNEN2bits = 0x62
                    0x0068                  CNPU1 = 0x68
                    0x0068                  _CNPU1 = 0x68
                    0x0068                  _CNPU1bits = 0x68
                    0x006a                  CNPU2 = 0x6a
                    0x006a                  _CNPU2 = 0x6a
                    0x006a                  _CNPU2bits = 0x6a
                    0x0080                  INTCON1 = 0x80
                    0x0080                  _INTCON1 = 0x80
                    0x0080                  _INTCON1bits = 0x80
                    0x0082                  INTCON2 = 0x82
                    0x0082                  _INTCON2 = 0x82
                    0x0082                  _INTCON2bits = 0x82
                    0x0084                  IFS0 = 0x84
                    0x0084                  _IFS0 = 0x84
                    0x0084                  _IFS0bits = 0x84
                    0x0086                  IFS1 = 0x86
                    0x0086                  _IFS1 = 0x86
                    0x0086                  _IFS1bits = 0x86
                    0x0088                  IFS2 = 0x88
                    0x0088                  _IFS2 = 0x88
                    0x0088                  _IFS2bits = 0x88
                    0x008a                  IFS3 = 0x8a
                    0x008a                  _IFS3 = 0x8a
                    0x008a                  _IFS3bits = 0x8a
                    0x008c                  IFS4 = 0x8c
                    0x008c                  _IFS4 = 0x8c
                    0x008c                  _IFS4bits = 0x8c
                    0x008e                  IFS5 = 0x8e
                    0x008e                  _IFS5 = 0x8e
                    0x008e                  _IFS5bits = 0x8e
                    0x0094                  IEC0 = 0x94
                    0x0094                  _IEC0 = 0x94
                    0x0094                  _IEC0bits = 0x94
                    0x0096                  IEC1 = 0x96
                    0x0096                  _IEC1 = 0x96
                    0x0096                  _IEC1bits = 0x96
                    0x0098                  IEC2 = 0x98
                    0x0098                  _IEC2 = 0x98
                    0x0098                  _IEC2bits = 0x98
                    0x009a                  IEC3 = 0x9a
                    0x009a                  _IEC3 = 0x9a
                    0x009a                  _IEC3bits = 0x9a
                    0x009c                  IEC4 = 0x9c
                    0x009c                  _IEC4 = 0x9c
                    0x009c                  _IEC4bits = 0x9c
                    0x009e                  IEC5 = 0x9e
                    0x009e                  _IEC5 = 0x9e
                    0x009e                  _IEC5bits = 0x9e
                    0x00a4                  IPC0 = 0xa4
                    0x00a4                  _IPC0 = 0xa4
                    0x00a4                  _IPC0bits = 0xa4
                    0x00a6                  IPC1 = 0xa6
                    0x00a6                  _IPC1 = 0xa6
                    0x00a6                  _IPC1bits = 0xa6
                    0x00a8                  IPC2 = 0xa8
                    0x00a8                  _IPC2 = 0xa8
                    0x00a8                  _IPC2bits = 0xa8
                    0x00aa                  IPC3 = 0xaa
                    0x00aa                  _IPC3 = 0xaa
                    0x00aa                  _IPC3bits = 0xaa
                    0x00ac                  IPC4 = 0xac
                    0x00ac                  _IPC4 = 0xac
                    0x00ac                  _IPC4bits = 0xac
                    0x00ae                  IPC5 = 0xae
                    0x00ae                  _IPC5 = 0xae
                    0x00ae                  _IPC5bits = 0xae
                    0x00b0                  IPC6 = 0xb0
                    0x00b0                  _IPC6 = 0xb0
                    0x00b0                  _IPC6bits = 0xb0
                    0x00b2                  IPC7 = 0xb2
                    0x00b2                  _IPC7 = 0xb2
                    0x00b2                  _IPC7bits = 0xb2
                    0x00b4                  IPC8 = 0xb4
                    0x00b4                  _IPC8 = 0xb4
                    0x00b4                  _IPC8bits = 0xb4
                    0x00b6                  IPC9 = 0xb6
                    0x00b6                  _IPC9 = 0xb6
                    0x00b6                  _IPC9bits = 0xb6
                    0x00b8                  IPC10 = 0xb8
                    0x00b8                  _IPC10 = 0xb8
                    0x00b8                  _IPC10bits = 0xb8
                    0x00ba                  IPC11 = 0xba
                    0x00ba                  _IPC11 = 0xba
                    0x00ba                  _IPC11bits = 0xba
                    0x00bc                  IPC12 = 0xbc
                    0x00bc                  _IPC12 = 0xbc
                    0x00bc                  _IPC12bits = 0xbc
                    0x00c2                  IPC15 = 0xc2
                    0x00c2                  _IPC15 = 0xc2
                    0x00c2                  _IPC15bits = 0xc2
                    0x00c4                  IPC16 = 0xc4
                    0x00c4                  _IPC16 = 0xc4
                    0x00c4                  _IPC16bits = 0xc4
                    0x00c8                  IPC18 = 0xc8
                    0x00c8                  _IPC18 = 0xc8
                    0x00c8                  _IPC18bits = 0xc8
                    0x00ca                  IPC19 = 0xca
                    0x00ca                  _IPC19 = 0xca
                    0x00ca                  _IPC19bits = 0xca
                    0x00ce                  IPC21 = 0xce
                    0x00ce                  _IPC21 = 0xce
                    0x00ce                  _IPC21bits = 0xce
                    0x00e0                  INTTREG = 0xe0
                    0x00e0                  _INTTREG = 0xe0
                    0x00e0                  _INTTREGbits = 0xe0
                    0x0100                  TMR1 = 0x100
                    0x0100                  _TMR1 = 0x100
                    0x0102                  PR1 = 0x102
                    0x0102                  _PR1 = 0x102
                    0x0104                  T1CON = 0x104
                    0x0104                  _T1CON = 0x104
                    0x0104                  _T1CONbits = 0x104
                    0x0106                  TMR2 = 0x106
                    0x0106                  _TMR2 = 0x106
                    0x0108                  TMR3HLD = 0x108
                    0x0108                  _TMR3HLD = 0x108
                    0x010a                  TMR3 = 0x10a
                    0x010a                  _TMR3 = 0x10a
                    0x010c                  PR2 = 0x10c
                    0x010c                  _PR2 = 0x10c
                    0x010e                  PR3 = 0x10e
                    0x010e                  _PR3 = 0x10e
                    0x0110                  T2CON = 0x110
                    0x0110                  _T2CON = 0x110
                    0x0110                  _T2CONbits = 0x110
                    0x0112                  T3CON = 0x112
                    0x0112                  _T3CON = 0x112
                    0x0112                  _T3CONbits = 0x112
                    0x0114                  TMR4 = 0x114
                    0x0114                  _TMR4 = 0x114
                    0x0116                  TMR5HLD = 0x116
                    0x0116                  _TMR5HLD = 0x116
                    0x0118                  TMR5 = 0x118
                    0x0118                  _TMR5 = 0x118
                    0x011a                  PR4 = 0x11a
                    0x011a                  _PR4 = 0x11a
                    0x011c                  PR5 = 0x11c
                    0x011c                  _PR5 = 0x11c
                    0x011e                  T4CON = 0x11e
                    0x011e                  _T4CON = 0x11e
                    0x011e                  _T4CONbits = 0x11e
                    0x0120                  T5CON = 0x120
                    0x0120                  _T5CON = 0x120
                    0x0120                  _T5CONbits = 0x120
                    0x0140                  IC1CON1 = 0x140
                    0x0140                  _IC1CON1 = 0x140
                    0x0140                  _IC1CON1bits = 0x140
                    0x0142                  IC1CON2 = 0x142
                    0x0142                  _IC1CON2 = 0x142
                    0x0142                  _IC1CON2bits = 0x142
                    0x0144                  IC1BUF = 0x144
                    0x0144                  _IC1BUF = 0x144
                    0x0146                  IC1TMR = 0x146
                    0x0146                  _IC1TMR = 0x146
                    0x0148                  IC2CON1 = 0x148
                    0x0148                  _IC2CON1 = 0x148
                    0x0148                  _IC2CON1bits = 0x148
                    0x014a                  IC2CON2 = 0x14a
                    0x014a                  _IC2CON2 = 0x14a
                    0x014a                  _IC2CON2bits = 0x14a
                    0x014c                  IC2BUF = 0x14c
                    0x014c                  _IC2BUF = 0x14c
                    0x014e                  IC2TMR = 0x14e
                    0x014e                  _IC2TMR = 0x14e
                    0x0150                  IC3CON1 = 0x150
                    0x0150                  _IC3CON1 = 0x150
                    0x0150                  _IC3CON1bits = 0x150
                    0x0152                  IC3CON2 = 0x152
                    0x0152                  _IC3CON2 = 0x152
                    0x0152                  _IC3CON2bits = 0x152
                    0x0154                  IC3BUF = 0x154
                    0x0154                  _IC3BUF = 0x154
                    0x0156                  IC3TMR = 0x156
                    0x0156                  _IC3TMR = 0x156
                    0x0158                  IC4CON1 = 0x158
                    0x0158                  _IC4CON1 = 0x158
                    0x0158                  _IC4CON1bits = 0x158
                    0x015a                  IC4CON2 = 0x15a
                    0x015a                  _IC4CON2 = 0x15a
                    0x015a                  _IC4CON2bits = 0x15a
                    0x015c                  IC4BUF = 0x15c
                    0x015c                  _IC4BUF = 0x15c
                    0x015e                  IC4TMR = 0x15e
                    0x015e                  _IC4TMR = 0x15e
                    0x0160                  IC5CON1 = 0x160
                    0x0160                  _IC5CON1 = 0x160
                    0x0160                  _IC5CON1bits = 0x160
                    0x0162                  IC5CON2 = 0x162
                    0x0162                  _IC5CON2 = 0x162
                    0x0162                  _IC5CON2bits = 0x162
                    0x0164                  IC5BUF = 0x164
                    0x0164                  _IC5BUF = 0x164
                    0x0166                  IC5TMR = 0x166
                    0x0166                  _IC5TMR = 0x166
                    0x0190                  OC1CON1 = 0x190
                    0x0190                  _OC1CON1 = 0x190
                    0x0190                  _OC1CON1bits = 0x190
                    0x0192                  OC1CON2 = 0x192
                    0x0192                  _OC1CON2 = 0x192
                    0x0192                  _OC1CON2bits = 0x192
                    0x0194                  OC1RS = 0x194
                    0x0194                  _OC1RS = 0x194
                    0x0196                  OC1R = 0x196
                    0x0196                  _OC1R = 0x196
                    0x0198                  OC1TMR = 0x198
                    0x0198                  _OC1TMR = 0x198
                    0x019a                  OC2CON1 = 0x19a
                    0x019a                  _OC2CON1 = 0x19a
                    0x019a                  _OC2CON1bits = 0x19a
                    0x019c                  OC2CON2 = 0x19c
                    0x019c                  _OC2CON2 = 0x19c
                    0x019c                  _OC2CON2bits = 0x19c
                    0x019e                  OC2RS = 0x19e
                    0x019e                  _OC2RS = 0x19e
                    0x01a0                  OC2R = 0x1a0
                    0x01a0                  _OC2R = 0x1a0
                    0x01a2                  OC2TMR = 0x1a2
                    0x01a2                  _OC2TMR = 0x1a2
                    0x01a4                  OC3CON1 = 0x1a4
                    0x01a4                  _OC3CON1 = 0x1a4
                    0x01a4                  _OC3CON1bits = 0x1a4
                    0x01a6                  OC3CON2 = 0x1a6
                    0x01a6                  _OC3CON2 = 0x1a6
                    0x01a6                  _OC3CON2bits = 0x1a6
                    0x01a8                  OC3RS = 0x1a8
                    0x01a8                  _OC3RS = 0x1a8
                    0x01aa                  OC3R = 0x1aa
                    0x01aa                  _OC3R = 0x1aa
                    0x01ac                  OC3TMR = 0x1ac
                    0x01ac                  _OC3TMR = 0x1ac
                    0x01ae                  OC4CON1 = 0x1ae
                    0x01ae                  _OC4CON1 = 0x1ae
                    0x01ae                  _OC4CON1bits = 0x1ae
                    0x01b0                  OC4CON2 = 0x1b0
                    0x01b0                  _OC4CON2 = 0x1b0
                    0x01b0                  _OC4CON2bits = 0x1b0
                    0x01b2                  OC4RS = 0x1b2
                    0x01b2                  _OC4RS = 0x1b2
                    0x01b4                  OC4R = 0x1b4
                    0x01b4                  _OC4R = 0x1b4
                    0x01b6                  OC4TMR = 0x1b6
                    0x01b6                  _OC4TMR = 0x1b6
                    0x01b8                  OC5CON1 = 0x1b8
                    0x01b8                  _OC5CON1 = 0x1b8
                    0x01b8                  _OC5CON1bits = 0x1b8
                    0x01ba                  OC5CON2 = 0x1ba
                    0x01ba                  _OC5CON2 = 0x1ba
                    0x01ba                  _OC5CON2bits = 0x1ba
                    0x01bc                  OC5RS = 0x1bc
                    0x01bc                  _OC5RS = 0x1bc
                    0x01be                  OC5R = 0x1be
                    0x01be                  _OC5R = 0x1be
                    0x01c0                  OC5TMR = 0x1c0
                    0x01c0                  _OC5TMR = 0x1c0
                    0x0200                  I2C1RCV = 0x200
                    0x0200                  _I2C1RCV = 0x200
                    0x0202                  I2C1TRN = 0x202
                    0x0202                  _I2C1TRN = 0x202
                    0x0204                  I2C1BRG = 0x204
                    0x0204                  _I2C1BRG = 0x204
                    0x0206                  I2C1CON = 0x206
                    0x0206                  _I2C1CON = 0x206
                    0x0206                  _I2C1CONbits = 0x206
                    0x0208                  I2C1STAT = 0x208
                    0x0208                  _I2C1STAT = 0x208
                    0x0208                  _I2C1STATbits = 0x208
                    0x020a                  I2C1ADD = 0x20a
                    0x020a                  _I2C1ADD = 0x20a
                    0x020c                  I2C1MSK = 0x20c
                    0x020c                  _I2C1MSK = 0x20c
                    0x0210                  I2C2RCV = 0x210
                    0x0210                  _I2C2RCV = 0x210
                    0x0212                  I2C2TRN = 0x212
                    0x0212                  _I2C2TRN = 0x212
                    0x0214                  I2C2BRG = 0x214
                    0x0214                  _I2C2BRG = 0x214
                    0x0216                  I2C2CON = 0x216
                    0x0216                  _I2C2CON = 0x216
                    0x0216                  _I2C2CONbits = 0x216
                    0x0218                  I2C2STAT = 0x218
                    0x0218                  _I2C2STAT = 0x218
                    0x0218                  _I2C2STATbits = 0x218
                    0x021a                  I2C2ADD = 0x21a
                    0x021a                  _I2C2ADD = 0x21a
                    0x021c                  I2C2MSK = 0x21c
                    0x021c                  _I2C2MSK = 0x21c
                    0x0220                  U1MODE = 0x220
                    0x0220                  _U1MODE = 0x220
                    0x0220                  _U1MODEbits = 0x220
                    0x0222                  U1STA = 0x222
                    0x0222                  _U1STA = 0x222
                    0x0222                  _U1STAbits = 0x222
                    0x0224                  U1TXREG = 0x224
                    0x0224                  _U1TXREG = 0x224
                    0x0224                  _U1TXREGbits = 0x224
                    0x0226                  U1RXREG = 0x226
                    0x0226                  _U1RXREG = 0x226
                    0x0226                  _U1RXREGbits = 0x226
                    0x0228                  U1BRG = 0x228
                    0x0228                  _U1BRG = 0x228
                    0x0230                  U2MODE = 0x230
                    0x0230                  _U2MODE = 0x230
                    0x0230                  _U2MODEbits = 0x230
                    0x0232                  U2STA = 0x232
                    0x0232                  _U2STA = 0x232
                    0x0232                  _U2STAbits = 0x232
                    0x0234                  U2TXREG = 0x234
                    0x0234                  _U2TXREG = 0x234
                    0x0234                  _U2TXREGbits = 0x234
                    0x0236                  U2RXREG = 0x236
                    0x0236                  _U2RXREG = 0x236
                    0x0236                  _U2RXREGbits = 0x236
                    0x0238                  U2BRG = 0x238
                    0x0238                  _U2BRG = 0x238
                    0x0240                  SPI1STAT = 0x240
                    0x0240                  _SPI1STAT = 0x240
                    0x0240                  _SPI1STATbits = 0x240
                    0x0242                  SPI1CON1 = 0x242
                    0x0242                  _SPI1CON1 = 0x242
                    0x0242                  _SPI1CON1bits = 0x242
                    0x0244                  SPI1CON2 = 0x244
                    0x0244                  _SPI1CON2 = 0x244
                    0x0244                  _SPI1CON2bits = 0x244
                    0x0248                  SPI1BUF = 0x248
                    0x0248                  _SPI1BUF = 0x248
                    0x0260                  SPI2STAT = 0x260
                    0x0260                  _SPI2STAT = 0x260
                    0x0260                  _SPI2STATbits = 0x260
                    0x0262                  SPI2CON1 = 0x262
                    0x0262                  _SPI2CON1 = 0x262
                    0x0262                  _SPI2CON1bits = 0x262
                    0x0264                  SPI2CON2 = 0x264
                    0x0264                  _SPI2CON2 = 0x264
                    0x0264                  _SPI2CON2bits = 0x264
                    0x0268                  SPI2BUF = 0x268
                    0x0268                  _SPI2BUF = 0x268
                    0x02c0                  TRISA = 0x2c0
                    0x02c0                  _TRISA = 0x2c0
                    0x02c0                  _TRISAbits = 0x2c0
                    0x02c2                  PORTA = 0x2c2
                    0x02c2                  _PORTA = 0x2c2
                    0x02c2                  _PORTAbits = 0x2c2
                    0x02c4                  LATA = 0x2c4
                    0x02c4                  _LATA = 0x2c4
                    0x02c4                  _LATAbits = 0x2c4
                    0x02c6                  ODCA = 0x2c6
                    0x02c6                  _ODCA = 0x2c6
                    0x02c6                  _ODCAbits = 0x2c6
                    0x02c8                  TRISB = 0x2c8
                    0x02c8                  _TRISB = 0x2c8
                    0x02c8                  _TRISBbits = 0x2c8
                    0x02ca                  PORTB = 0x2ca
                    0x02ca                  _PORTB = 0x2ca
                    0x02ca                  _PORTBbits = 0x2ca
                    0x02cc                  LATB = 0x2cc
                    0x02cc                  _LATB = 0x2cc
                    0x02cc                  _LATBbits = 0x2cc
                    0x02ce                  ODCB = 0x2ce
                    0x02ce                  _ODCB = 0x2ce
                    0x02ce                  _ODCBbits = 0x2ce
                    0x02d0                  TRISC = 0x2d0
                    0x02d0                  _TRISC = 0x2d0
                    0x02d0                  _TRISCbits = 0x2d0
                    0x02d2                  PORTC = 0x2d2
                    0x02d2                  _PORTC = 0x2d2
                    0x02d2                  _PORTCbits = 0x2d2
                    0x02d4                  LATC = 0x2d4
                    0x02d4                  _LATC = 0x2d4
                    0x02d4                  _LATCbits = 0x2d4
                    0x02d6                  ODCC = 0x2d6
                    0x02d6                  _ODCC = 0x2d6
                    0x02d6                  _ODCCbits = 0x2d6
                    0x02fc                  PADCFG1 = 0x2fc
                    0x02fc                  _PADCFG1 = 0x2fc
                    0x02fc                  _PADCFG1bits = 0x2fc
                    0x0300                  ADC1BUF0 = 0x300
                    0x0300                  _ADC1BUF0 = 0x300
                    0x0302                  ADC1BUF1 = 0x302
                    0x0302                  _ADC1BUF1 = 0x302
                    0x0304                  ADC1BUF2 = 0x304
                    0x0304                  _ADC1BUF2 = 0x304
                    0x0306                  ADC1BUF3 = 0x306
                    0x0306                  _ADC1BUF3 = 0x306
                    0x0308                  ADC1BUF4 = 0x308
                    0x0308                  _ADC1BUF4 = 0x308
                    0x030a                  ADC1BUF5 = 0x30a
                    0x030a                  _ADC1BUF5 = 0x30a
                    0x030c                  ADC1BUF6 = 0x30c
                    0x030c                  _ADC1BUF6 = 0x30c
                    0x030e                  ADC1BUF7 = 0x30e
                    0x030e                  _ADC1BUF7 = 0x30e
                    0x0310                  ADC1BUF8 = 0x310
                    0x0310                  _ADC1BUF8 = 0x310
                    0x0312                  ADC1BUF9 = 0x312
                    0x0312                  _ADC1BUF9 = 0x312
                    0x0314                  ADC1BUFA = 0x314
                    0x0314                  _ADC1BUFA = 0x314
                    0x0316                  ADC1BUFB = 0x316
                    0x0316                  _ADC1BUFB = 0x316
                    0x0318                  ADC1BUFC = 0x318
                    0x0318                  _ADC1BUFC = 0x318
                    0x031a                  ADC1BUFD = 0x31a
                    0x031a                  _ADC1BUFD = 0x31a
                    0x031c                  ADC1BUFE = 0x31c
                    0x031c                  _ADC1BUFE = 0x31c
                    0x031e                  ADC1BUFF = 0x31e
                    0x031e                  _ADC1BUFF = 0x31e
                    0x0320                  AD1CON1 = 0x320
                    0x0320                  _AD1CON1 = 0x320
                    0x0320                  _AD1CON1bits = 0x320
                    0x0322                  AD1CON2 = 0x322
                    0x0322                  _AD1CON2 = 0x322
                    0x0322                  _AD1CON2bits = 0x322
                    0x0324                  AD1CON3 = 0x324
                    0x0324                  _AD1CON3 = 0x324
                    0x0324                  _AD1CON3bits = 0x324
                    0x0328                  AD1CHS = 0x328
                    0x0328                  _AD1CHS = 0x328
                    0x0328                  _AD1CHSbits = 0x328
                    0x0328                  AD1CHS0 = 0x328
                    0x0328                  _AD1CHS0 = 0x328